Component: ARM Compiler 5.06 update 6 (build 750) Tool: armlink [4d35ed]

==============================================================================

Section Cross References

    main.o(i.main) refers to stm32f407vet_config.o(i.CPU_Initialization) for CPU_Initialization
    main.o(i.main) refers to ultra_bay.o(i.Ultra_Bay_Initialization) for Ultra_Bay_Initialization
    main.o(i.main) refers to rs485.o(i.RS485_Init) for RS485_Init
    main.o(i.main) refers to delay.o(i.delay_init) for delay_init
    main.o(i.main) refers to motor_process.o(i.Bar_Front_Motor_Process) for Bar_Front_Motor_Process
    main.o(i.main) refers to uart_process.o(i.UART_Process) for UART_Process
    stm32f4xx_it.o(i.SysTick_Handler) refers to global_variant.o(.data) for gul_motor_timer_1
    stm32f4xx_it.o(i.SysTick_Handler) refers to timer.o(.data) for msTicks
    gpio.o(i.Front_Cover_Close) refers to stm32f4xx_gpio.o(i.GPIO_WriteBit) for GPIO_WriteBit
    gpio.o(i.Front_Cover_Open) refers to stm32f4xx_gpio.o(i.GPIO_WriteBit) for GPIO_WriteBit
    gpio.o(i.Jack_Down) refers to stm32f4xx_gpio.o(i.GPIO_WriteBit) for GPIO_WriteBit
    gpio.o(i.Jack_Down) refers to global_variant.o(.data) for gul_ultra_bay_status
    gpio.o(i.Jack_Up) refers to stm32f4xx_gpio.o(i.GPIO_WriteBit) for GPIO_WriteBit
    gpio.o(i.Jack_Up) refers to global_variant.o(.data) for gul_ultra_bay_status
    gpio.o(i.Solar_Panel_1_Close) refers to stm32f4xx_gpio.o(i.GPIO_WriteBit) for GPIO_WriteBit
    gpio.o(i.Solar_Panel_1_Close) refers to timer.o(i.Delay) for Delay
    gpio.o(i.Solar_Panel_1_Open) refers to stm32f4xx_gpio.o(i.GPIO_WriteBit) for GPIO_WriteBit
    gpio.o(i.Solar_Panel_1_Open) refers to timer.o(i.Delay) for Delay
    gpio.o(i.Solar_Panel_1_Stop) refers to stm32f4xx_gpio.o(i.GPIO_WriteBit) for GPIO_WriteBit
    gpio.o(i.Solar_Panel_2_Close) refers to stm32f4xx_gpio.o(i.GPIO_WriteBit) for GPIO_WriteBit
    gpio.o(i.Solar_Panel_2_Close) refers to timer.o(i.Delay) for Delay
    gpio.o(i.Solar_Panel_2_Open) refers to stm32f4xx_gpio.o(i.GPIO_WriteBit) for GPIO_WriteBit
    gpio.o(i.Solar_Panel_2_Open) refers to timer.o(i.Delay) for Delay
    gpio.o(i.Solar_Panel_2_Stop) refers to stm32f4xx_gpio.o(i.GPIO_WriteBit) for GPIO_WriteBit
    charging_process.o(i.Charge_Button_Press) refers to stm32f4xx_gpio.o(i.GPIO_WriteBit) for GPIO_WriteBit
    charging_process.o(i.Charge_Button_Press) refers to global_variant.o(.data) for guc_charge_status
    indicating_process.o(i.Indicating_Process) refers to stm32f4xx_gpio.o(i.GPIO_WriteBit) for GPIO_WriteBit
    indicating_process.o(i.Indicating_Process) refers to global_variant.o(.data) for guc_charge_status
    motor_process.o(i.Bar_Back_Motor_Process) refers to stm32f4xx_gpio.o(i.GPIO_WriteBit) for GPIO_WriteBit
    motor_process.o(i.Bar_Back_Motor_Process) refers to stm32f4xx_usart.o(i.USART_ClearFlag) for USART_ClearFlag
    motor_process.o(i.Bar_Back_Motor_Process) refers to stm32f4xx_usart.o(i.USART_SendData) for USART_SendData
    motor_process.o(i.Bar_Back_Motor_Process) refers to ultra_bay.o(i.delay_ms) for delay_ms
    motor_process.o(i.Bar_Back_Motor_Process) refers to stm32f4xx_usart.o(i.USART_GetFlagStatus) for USART_GetFlagStatus
    motor_process.o(i.Bar_Back_Motor_Process) refers to global_variant.o(.data) for guc_bar_back_motor_mode
    motor_process.o(i.Bar_Front_Motor_Process) refers to stm32f4xx_gpio.o(i.GPIO_WriteBit) for GPIO_WriteBit
    motor_process.o(i.Bar_Front_Motor_Process) refers to delay.o(i.delay_us) for delay_us
    motor_process.o(i.Bar_Front_Motor_Process) refers to global_variant.o(.data) for gul_motor_timer_1
    motor_process.o(i.Claw_Motor_Process) refers to stm32f4xx_gpio.o(i.GPIO_WriteBit) for GPIO_WriteBit
    motor_process.o(i.Claw_Motor_Process) refers to stm32f4xx_usart.o(i.USART_ClearFlag) for USART_ClearFlag
    motor_process.o(i.Claw_Motor_Process) refers to stm32f4xx_usart.o(i.USART_SendData) for USART_SendData
    motor_process.o(i.Claw_Motor_Process) refers to ultra_bay.o(i.delay_ms) for delay_ms
    motor_process.o(i.Claw_Motor_Process) refers to stm32f4xx_usart.o(i.USART_GetFlagStatus) for USART_GetFlagStatus
    motor_process.o(i.Claw_Motor_Process) refers to global_variant.o(.data) for guc_claw_motor_mode
    motor_process.o(i.Jack_Motor_Process) refers to stm32f4xx_gpio.o(i.GPIO_WriteBit) for GPIO_WriteBit
    motor_process.o(i.Jack_Motor_Process) refers to stm32f4xx_usart.o(i.USART_ClearFlag) for USART_ClearFlag
    motor_process.o(i.Jack_Motor_Process) refers to stm32f4xx_usart.o(i.USART_SendData) for USART_SendData
    motor_process.o(i.Jack_Motor_Process) refers to ultra_bay.o(i.delay_ms) for delay_ms
    motor_process.o(i.Jack_Motor_Process) refers to stm32f4xx_usart.o(i.USART_GetFlagStatus) for USART_GetFlagStatus
    motor_process.o(i.Jack_Motor_Process) refers to global_variant.o(.data) for guc_jack_motor_mode
    motor_process.o(i.Solar_Panel_Process) refers to stm32f4xx_gpio.o(i.GPIO_WriteBit) for GPIO_WriteBit
[...]
    Removing stm32f4xx_it.o(.rev16_text), (4 bytes).
    Removing stm32f4xx_it.o(.revsh_text), (4 bytes).
    Removing gpio.o(.rev16_text), (4 bytes).
    Removing gpio.o(.revsh_text), (4 bytes).
    Removing gpio.o(i.Front_Cover_Close), (32 bytes).
    Removing gpio.o(i.Front_Cover_Open), (28 bytes).
    Removing gpio.o(i.Jack_Down), (72 bytes).
    Removing gpio.o(i.Jack_Up), (76 bytes).
    Removing gpio.o(i.Solar_Panel_1_Close), (60 bytes).
    Removing gpio.o(i.Solar_Panel_1_Open), (60 bytes).
    Removing gpio.o(i.Solar_Panel_1_Stop), (28 bytes).
    Removing gpio.o(i.Solar_Panel_2_Close), (60 bytes).
    Removing gpio.o(i.Solar_Panel_2_Open), (60 bytes).
    Removing gpio.o(i.Solar_Panel_2_Stop), (28 bytes).
    Removing charging_process.o(.rev16_text), (4 bytes).
    Removing charging_process.o(.revsh_text), (4 bytes).
    Removing charging_process.o(i.Charge_Button_Press), (300 bytes).
    Removing indicating_process.o(.rev16_text), (4 bytes).
    Removing indicating_process.o(.revsh_text), (4 bytes).
    Removing indicating_process.o(i.Indicating_Process), (400 bytes).
    Removing motor_process.o(.rev16_text), (4 bytes).
    Removing motor_process.o(.revsh_text), (4 bytes).
    Removing motor_process.o(i.Bar_Back_Motor_Process), (436 bytes).
    Removing motor_process.o(i.Claw_Motor_Process), (392 bytes).
    Removing motor_process.o(i.Jack_Motor_Process), (456 bytes).
    Removing motor_process.o(i.Solar_Panel_Process), (664 bytes).
    Removing timer.o(.rev16_text), (4 bytes).
    Removing timer.o(.revsh_text), (4 bytes).
    Removing uart_process.o(.rev16_text), (4 bytes).
    Removing uart_process.o(.revsh_text), (4 bytes).
    Removing adc_process.o(.rev16_text), (4 bytes).
    Removing adc_process.o(.revsh_text), (4 bytes).
    Removing adc_process.o(i.ADC_Process), (64 bytes).
    Removing adc_process.o(i.Get_Adc), (48 bytes).
    Removing adc_process.o(i.Get_Adc_Average), (38 bytes).
    Removing ultra_bay.o(.rev16_text), (4 bytes).
    Removing ultra_bay.o(.revsh_text), (4 bytes).
    Removing rs485.o(.rev16_text), (4 bytes).
    Removing rs485.o(.revsh_text), (4 bytes).
    Removing rs485.o(i.RS485_Receive_Data), (76 bytes).
    Removing rs485.o(i.RS485_Send_Data), (84 bytes).
    Removing rs485.o(.bss), (128 bytes).
    Removing rs485.o(.data), (2 bytes).
    Removing wwdg.o(.rev16_text), (4 bytes).
    Removing wwdg.o(.revsh_text), (4 bytes).
    Removing wwdg.o(i.WWDG_Init), (92 bytes).
    Removing pn532.o(.rev16_text), (4 bytes).
    Removing pn532.o(.revsh_text), (4 bytes).
    Removing pn532.o(i.CleanBuffer), (28 bytes).
    Removing pn532.o(i.NFC_Check), (46 bytes).
    Removing pn532.o(i.NFC_Read), (34 bytes).
    Removing pn532.o(i.NFC_ReadLenByte), (44 bytes).
    Removing pn532.o(i.NFC_ReadOneByte), (84 bytes).
    Removing pn532.o(i.NFC_Write), (36 bytes).
    Removing pn532.o(i.NFC_WriteLenByte), (52 bytes).
    Removing pn532.o(i.NFC_WriteOneByte), (76 bytes).
    Removing pn532.o(i.nfc_InListPassiveTarget), (192 bytes).
    Removing pn532.o(i.nfc_PsdVerifyKeyA), (288 bytes).
    Removing pn532.o(i.nfc_WakeUp), (252 bytes).
    Removing pn532.o(i.nfc_read), (192 bytes).
    Removing pn532.o(i.nfc_write), (372 bytes).
    Removing pn532.o(.bss), (500 bytes).
    Removing pn532.o(.data), (14 bytes).
    Removing stm32f407vet_config.o(.rev16_text), (4 bytes).
    Removing stm32f407vet_config.o(.revsh_text), (4 bytes).
    Removing stm32f407vet_config.o(i.USART_Configuration), (108 bytes).
    Removing system_stm32f4xx.o(.rev16_text), (4 bytes).
    Removing system_stm32f4xx.o(.revsh_text), (4 bytes).
    Removing system_stm32f4xx.o(i.SystemCoreClockUpdate), (192 bytes).
    Removing myiic.o(.rev16_text), (4 bytes).
    Removing myiic.o(.revsh_text), (4 bytes).
    Removing myiic.o(i.IIC_Ack), (80 bytes).
    Removing myiic.o(i.IIC_Init), (24 bytes).
    Removing myiic.o(i.IIC_NAck), (80 bytes).
    Removing myiic.o(i.IIC_Read_Byte), (108 bytes).
    Removing myiic.o(i.IIC_Send_Byte), (104 bytes).
    Removing myiic.o(i.IIC_Start), (76 bytes).
    Removing myiic.o(i.IIC_Stop), (76 bytes).
    Removing myiic.o(i.IIC_Wait_Ack), (96 bytes).
    Removing p4p_process.o(.rev16_text), (4 bytes).
    Removing p4p_process.o(.revsh_text), (4 bytes).
    Removing p4p_process.o(i.P4P_Button_Process), (164 bytes).
    Removing delay.o(.rev16_text), (4 bytes).
    Removing delay.o(.revsh_text), (4 bytes).
    Removing delay.o(i.delay_xms), (76 bytes).
    Removing misc.o(.rev16_text), (4 bytes).
    Removing misc.o(.revsh_text), (4 bytes).
    Removing misc.o(i.NVIC_SetVectorTable), (20 bytes).
    Removing misc.o(i.NVIC_SystemLPConfig), (32 bytes).
    Removing stm32f4xx_gpio.o(.rev16_text), (4 bytes).
    Removing stm32f4xx_gpio.o(.revsh_text), (4 bytes).
    Removing stm32f4xx_gpio.o(i.GPIO_DeInit), (312 bytes).
    Removing stm32f4xx_gpio.o(i.GPIO_PinLockConfig), (34 bytes).
    Removing stm32f4xx_gpio.o(i.GPIO_ReadInputData), (8 bytes).
    Removing stm32f4xx_gpio.o(i.GPIO_ReadInputDataBit), (18 bytes).
    Removing stm32f4xx_gpio.o(i.GPIO_ReadOutputData), (8 bytes).
    Removing stm32f4xx_gpio.o(i.GPIO_ReadOutputDataBit), (18 bytes).
    Removing stm32f4xx_gpio.o(i.GPIO_ResetBits), (4 bytes).
    Removing stm32f4xx_gpio.o(i.GPIO_SetBits), (4 bytes).
    Removing stm32f4xx_gpio.o(i.GPIO_StructInit), (18 bytes).
    Removing stm32f4xx_gpio.o(i.GPIO_ToggleBits), (8 bytes).
    Removing stm32f4xx_gpio.o(i.GPIO_Write), (4 bytes).
    Removing stm32f4xx_rcc.o(.rev16_text), (4 bytes).
    Removing stm32f4xx_rcc.o(.revsh_text), (4 bytes).
    Removing stm32f4xx_rcc.o(i.RCC_AHB1PeriphClockLPModeCmd), (32 bytes).
    Removing stm32f4xx_rcc.o(i.RCC_AHB1PeriphResetCmd), (32 bytes).
    Removing stm32f4xx_rcc.o(i.RCC_AHB2PeriphClockCmd), (32 bytes).
    Removing stm32f4xx_rcc.o(i.RCC_AHB2PeriphClockLPModeCmd), (32 bytes).
    Removing stm32f4xx_rcc.o(i.RCC_AHB2PeriphResetCmd), (32 bytes).
    Removing stm32f4xx_rcc.o(i.RCC_AHB3PeriphClockCmd), (32 bytes).
    Removing stm32f4xx_rcc.o(i.RCC_AHB3PeriphClockLPModeCmd), (32 bytes).
    Removing stm32f4xx_rcc.o(i.RCC_AHB3PeriphResetCmd), (32 bytes).
    Removing stm32f4xx_rcc.o(i.RCC_APB1PeriphClockLPModeCmd), (32 bytes).
    Removing stm32f4xx_rcc.o(i.RCC_APB1PeriphResetCmd), (32 bytes).
    Removing stm32f4xx_rcc.o(i.RCC_APB2PeriphClockLPModeCmd), (32 bytes).
    Removing stm32f4xx_rcc.o(i.RCC_AdjustHSICalibrationValue), (24 bytes).
    Removing stm32f4xx_rcc.o(i.RCC_BackupResetCmd), (12 bytes).
    Removing stm32f4xx_rcc.o(i.RCC_ClearFlag), (20 bytes).
    Removing stm32f4xx_rcc.o(i.RCC_ClearITPendingBit), (12 bytes).
    Removing stm32f4xx_rcc.o(i.RCC_ClockSecuritySystemCmd), (12 bytes).
    Removing stm32f4xx_rcc.o(i.RCC_DeInit), (100 bytes).
    Removing stm32f4xx_rcc.o(i.RCC_GetFlagStatus), (64 bytes).
    Removing stm32f4xx_rcc.o(i.RCC_GetITStatus), (24 bytes).
    Removing stm32f4xx_rcc.o(i.RCC_GetSYSCLKSource), (16 bytes).
    Removing stm32f4xx_rcc.o(i.RCC_HCLKConfig), (24 bytes).
    Removing stm32f4xx_rcc.o(i.RCC_HSEConfig), (16 bytes).
    Removing stm32f4xx_rcc.o(i.RCC_HSICmd), (12 bytes).
    Removing stm32f4xx_rcc.o(i.RCC_I2SCLKConfig), (12 bytes).
    Removing stm32f4xx_rcc.o(i.RCC_ITConfig), (32 bytes).
    Removing stm32f4xx_rcc.o(i.RCC_LSEConfig), (44 bytes).
    Removing stm32f4xx_rcc.o(i.RCC_LSEModeConfig), (36 bytes).
    Removing stm32f4xx_rcc.o(i.RCC_LSICmd), (12 bytes).
    Removing stm32f4xx_rcc.o(i.RCC_LTDCCLKDivConfig), (24 bytes).
    Removing stm32f4xx_rcc.o(i.RCC_MCO1Config), (28 bytes).
    Removing stm32f4xx_rcc.o(i.RCC_MCO2Config), (28 bytes).
    Removing stm32f4xx_rcc.o(i.RCC_PCLK1Config), (24 bytes).
    Removing stm32f4xx_rcc.o(i.RCC_PCLK2Config), (24 bytes).
    Removing stm32f4xx_rcc.o(i.RCC_PLLCmd), (12 bytes).
    Removing stm32f4xx_rcc.o(i.RCC_PLLConfig), (36 bytes).
    Removing stm32f4xx_rcc.o(i.RCC_PLLI2SCmd), (12 bytes).
    Removing stm32f4xx_rcc.o(i.RCC_PLLI2SConfig), (16 bytes).
    Removing stm32f4xx_rcc.o(i.RCC_PLLSAICmd), (12 bytes).
    Removing stm32f4xx_rcc.o(i.RCC_PLLSAIConfig), (24 bytes).
    Removing stm32f4xx_rcc.o(i.RCC_RTCCLKCmd), (12 bytes).
    Removing stm32f4xx_rcc.o(i.RCC_RTCCLKConfig), (60 bytes).
    Removing stm32f4xx_rcc.o(i.RCC_SAIBlockACLKConfig), (24 bytes).
    Removing stm32f4xx_rcc.o(i.RCC_SAIBlockBCLKConfig), (24 bytes).
    Removing stm32f4xx_rcc.o(i.RCC_SAIPLLI2SClkDivConfig), (28 bytes).
    Removing stm32f4xx_rcc.o(i.RCC_SAIPLLSAIClkDivConfig), (28 bytes).
    Removing stm32f4xx_rcc.o(i.RCC_SYSCLKConfig), (24 bytes).
    Removing stm32f4xx_rcc.o(i.RCC_TIMCLKPresConfig), (12 bytes).
    Removing stm32f4xx_rcc.o(i.RCC_WaitForHSEStartUp), (56 bytes).
    Removing stm32f4xx_syscfg.o(.rev16_text), (4 bytes).
    Removing stm32f4xx_syscfg.o(.revsh_text), (4 bytes).
    Removing stm32f4xx_syscfg.o(i.SYSCFG_CompensationCellCmd), (12 bytes).
    Removing stm32f4xx_syscfg.o(i.SYSCFG_DeInit), (22 bytes).
    Removing stm32f4xx_syscfg.o(i.SYSCFG_ETH_MediaInterfaceConfig), (12 bytes).
    Removing stm32f4xx_syscfg.o(i.SYSCFG_EXTILineConfig), (64 bytes).
    Removing stm32f4xx_syscfg.o(i.SYSCFG_GetCompensationCellStatus), (24 bytes).
    Removing stm32f4xx_syscfg.o(i.SYSCFG_MemoryRemapConfig), (12 bytes).
    Removing stm32f4xx_syscfg.o(i.SYSCFG_MemorySwappingBank), (12 bytes).
    Removing stm32f4xx_usart.o(.rev16_text), (4 bytes).
    Removing stm32f4xx_usart.o(.revsh_text), (4 bytes).
    Removing stm32f4xx_usart.o(i.USART_ClockInit), (32 bytes).
    Removing stm32f4xx_usart.o(i.USART_ClockStructInit), (12 bytes).
    Removing stm32f4xx_usart.o(i.USART_DMACmd), (18 bytes).
    Removing stm32f4xx_usart.o(i.USART_DeInit), (240 bytes).
    Removing stm32f4xx_usart.o(i.USART_HalfDuplexCmd), (24 bytes).
    Removing stm32f4xx_usart.o(i.USART_IrDACmd), (24 bytes).
    Removing stm32f4xx_usart.o(i.USART_IrDAConfig), (18 bytes).
    Removing stm32f4xx_usart.o(i.USART_LINBreakDetectLengthConfig), (18 bytes).
    Removing stm32f4xx_usart.o(i.USART_LINCmd), (24 bytes).
    Removing stm32f4xx_usart.o(i.USART_OneBitMethodCmd), (24 bytes).
    Removing stm32f4xx_usart.o(i.USART_OverSampling8Cmd), (22 bytes).
    Removing stm32f4xx_usart.o(i.USART_ReceiverWakeUpCmd), (24 bytes).
    Removing stm32f4xx_usart.o(i.USART_SendBreak), (10 bytes).
    Removing stm32f4xx_usart.o(i.USART_SetAddress), (18 bytes).
    Removing stm32f4xx_usart.o(i.USART_SetGuardTime), (16 bytes).
    Removing stm32f4xx_usart.o(i.USART_SetPrescaler), (16 bytes).
    Removing stm32f4xx_usart.o(i.USART_SmartCardCmd), (24 bytes).
    Removing stm32f4xx_usart.o(i.USART_SmartCardNACKCmd), (24 bytes).
    Removing stm32f4xx_usart.o(i.USART_StructInit), (24 bytes).
    Removing stm32f4xx_usart.o(i.USART_WakeUpConfig), (18 bytes).
    Removing stm32f4xx_adc.o(.rev16_text), (4 bytes).
    Removing stm32f4xx_adc.o(.revsh_text), (4 bytes).
    Removing stm32f4xx_adc.o(i.ADC_AnalogWatchdogCmd), (20 bytes).
    Removing stm32f4xx_adc.o(i.ADC_AnalogWatchdogSingleChannelConfig), (16 bytes).
    Removing stm32f4xx_adc.o(i.ADC_AnalogWatchdogThresholdsConfig), (6 bytes).
    Removing stm32f4xx_adc.o(i.ADC_AutoInjectedConvCmd), (22 bytes).
    Removing stm32f4xx_adc.o(i.ADC_ClearFlag), (6 bytes).
    Removing stm32f4xx_adc.o(i.ADC_ClearITPendingBit), (10 bytes).
    Removing stm32f4xx_adc.o(i.ADC_CommonStructInit), (12 bytes).
    Removing stm32f4xx_adc.o(i.ADC_ContinuousModeCmd), (22 bytes).
    Removing stm32f4xx_adc.o(i.ADC_DMACmd), (22 bytes).
    Removing stm32f4xx_adc.o(i.ADC_DMARequestAfterLastTransferCmd), (22 bytes).
    Removing stm32f4xx_adc.o(i.ADC_DeInit), (22 bytes).
    Removing stm32f4xx_adc.o(i.ADC_DiscModeChannelCountConfig), (24 bytes).
    Removing stm32f4xx_adc.o(i.ADC_DiscModeCmd), (22 bytes).
    Removing stm32f4xx_adc.o(i.ADC_EOCOnEachRegularChannelCmd), (22 bytes).
    Removing stm32f4xx_adc.o(i.ADC_ExternalTrigInjectedConvConfig), (16 bytes).
    Removing stm32f4xx_adc.o(i.ADC_ExternalTrigInjectedConvEdgeConfig), (16 bytes).
    Removing stm32f4xx_adc.o(i.ADC_GetConversionValue), (8 bytes).
    Removing stm32f4xx_adc.o(i.ADC_GetFlagStatus), (18 bytes).
    Removing stm32f4xx_adc.o(i.ADC_GetITStatus), (38 bytes).
    Removing stm32f4xx_adc.o(i.ADC_GetInjectedConversionValue), (28 bytes).
    Removing stm32f4xx_adc.o(i.ADC_GetMultiModeConversionValue), (12 bytes).
    Removing stm32f4xx_adc.o(i.ADC_GetSoftwareStartConvStatus), (20 bytes).
    Removing stm32f4xx_adc.o(i.ADC_GetSoftwareStartInjectedConvCmdStatus), (20 bytes).
    Removing stm32f4xx_adc.o(i.ADC_ITConfig), (32 bytes).
    Removing stm32f4xx_adc.o(i.ADC_InjectedChannelConfig), (130 bytes).
    Removing stm32f4xx_adc.o(i.ADC_InjectedDiscModeCmd), (22 bytes).
    Removing stm32f4xx_adc.o(i.ADC_InjectedSequencerLengthConfig), (24 bytes).
    Removing stm32f4xx_adc.o(i.ADC_MultiModeDMARequestAfterLastTransferCmd), (44 bytes).
    Removing stm32f4xx_adc.o(i.ADC_RegularChannelConfig), (184 bytes).
    Removing stm32f4xx_adc.o(i.ADC_SetInjectedOffset), (20 bytes).
    Removing stm32f4xx_adc.o(i.ADC_SoftwareStartConv), (10 bytes).
    Removing stm32f4xx_adc.o(i.ADC_SoftwareStartInjectedConv), (10 bytes).
    Removing stm32f4xx_adc.o(i.ADC_StructInit), (20 bytes).
    Removing stm32f4xx_adc.o(i.ADC_TempSensorVrefintCmd), (44 bytes).
    Removing stm32f4xx_adc.o(i.ADC_VBATCmd), (44 bytes).
    Removing stm32f4xx_wwdg.o(.rev16_text), (4 bytes).
    Removing stm32f4xx_wwdg.o(.revsh_text), (4 bytes).
    Removing stm32f4xx_wwdg.o(i.WWDG_DeInit), (22 bytes).
    Removing stm32f4xx_wwdg.o(i.WWDG_Enable), (16 bytes).
    Removing stm32f4xx_wwdg.o(i.WWDG_EnableIT), (12 bytes).
    Removing stm32f4xx_wwdg.o(i.WWDG_GetFlagStatus), (20 bytes).
    Removing stm32f4xx_wwdg.o(i.WWDG_SetPrescaler), (24 bytes).
    Removing stm32f4xx_wwdg.o(i.WWDG_SetWindowValue), (40 bytes).
    Removing stm32f4xx_tim.o(.rev16_text), (4 bytes).
    Removing stm32f4xx_tim.o(.revsh_text), (4 bytes).
    Removing stm32f4xx_tim.o(i.TI1_Config), (58 bytes).
    Removing stm32f4xx_tim.o(i.TI2_Config), (80 bytes).
    Removing stm32f4xx_tim.o(i.TI3_Config), (72 bytes).
    Removing stm32f4xx_tim.o(i.TI4_Config), (80 bytes).
    Removing stm32f4xx_tim.o(i.TIM_ARRPreloadConfig), (24 bytes).
    Removing stm32f4xx_tim.o(i.TIM_BDTRConfig), (32 bytes).
    Removing stm32f4xx_tim.o(i.TIM_BDTRStructInit), (18 bytes).
    Removing stm32f4xx_tim.o(i.TIM_CCPreloadControl), (24 bytes).
    Removing stm32f4xx_tim.o(i.TIM_CCxCmd), (30 bytes).
    Removing stm32f4xx_tim.o(i.TIM_CCxNCmd), (30 bytes).
    Removing stm32f4xx_tim.o(i.TIM_ClearFlag), (6 bytes).
    Removing stm32f4xx_tim.o(i.TIM_ClearOC1Ref), (18 bytes).
    Removing stm32f4xx_tim.o(i.TIM_ClearOC2Ref), (24 bytes).
    Removing stm32f4xx_tim.o(i.TIM_ClearOC3Ref), (18 bytes).
    Removing stm32f4xx_tim.o(i.TIM_ClearOC4Ref), (24 bytes).
    Removing stm32f4xx_tim.o(i.TIM_CounterModeConfig), (18 bytes).
    Removing stm32f4xx_tim.o(i.TIM_CtrlPWMOutputs), (30 bytes).
    Removing stm32f4xx_tim.o(i.TIM_DMACmd), (18 bytes).
    Removing stm32f4xx_tim.o(i.TIM_DMAConfig), (10 bytes).
    Removing stm32f4xx_tim.o(i.TIM_DeInit), (400 bytes).
    Removing stm32f4xx_tim.o(i.TIM_ETRClockMode1Config), (54 bytes).
    Removing stm32f4xx_tim.o(i.TIM_ETRClockMode2Config), (32 bytes).
    Removing stm32f4xx_tim.o(i.TIM_ETRConfig), (28 bytes).
    Removing stm32f4xx_tim.o(i.TIM_EncoderInterfaceConfig), (66 bytes).
    Removing stm32f4xx_tim.o(i.TIM_ForcedOC1Config), (18 bytes).
    Removing stm32f4xx_tim.o(i.TIM_ForcedOC2Config), (26 bytes).
    Removing stm32f4xx_tim.o(i.TIM_ForcedOC3Config), (18 bytes).
    Removing stm32f4xx_tim.o(i.TIM_ForcedOC4Config), (26 bytes).
    Removing stm32f4xx_tim.o(i.TIM_GenerateEvent), (4 bytes).
    Removing stm32f4xx_tim.o(i.TIM_GetCapture1), (6 bytes).
    Removing stm32f4xx_tim.o(i.TIM_GetCapture2), (6 bytes).
    Removing stm32f4xx_tim.o(i.TIM_GetCapture3), (6 bytes).
    Removing stm32f4xx_tim.o(i.TIM_GetCapture4), (6 bytes).
    Removing stm32f4xx_tim.o(i.TIM_GetCounter), (6 bytes).
    Removing stm32f4xx_tim.o(i.TIM_GetFlagStatus), (18 bytes).
    Removing stm32f4xx_tim.o(i.TIM_GetPrescaler), (6 bytes).
    Removing stm32f4xx_tim.o(i.TIM_ICInit), (110 bytes).
    Removing stm32f4xx_tim.o(i.TIM_ICStructInit), (18 bytes).
    Removing stm32f4xx_tim.o(i.TIM_ITRxExternalClockConfig), (24 bytes).
    Removing stm32f4xx_tim.o(i.TIM_InternalClockConfig), (12 bytes).
    Removing stm32f4xx_tim.o(i.TIM_OC1FastConfig), (18 bytes).
    Removing stm32f4xx_tim.o(i.TIM_OC1Init), (124 bytes).
    Removing stm32f4xx_tim.o(i.TIM_OC1NPolarityConfig), (18 bytes).
    Removing stm32f4xx_tim.o(i.TIM_OC1PolarityConfig), (18 bytes).
    Removing stm32f4xx_tim.o(i.TIM_OC1PreloadConfig), (18 bytes).
    Removing stm32f4xx_tim.o(i.TIM_OC2FastConfig), (26 bytes).
    Removing stm32f4xx_tim.o(i.TIM_OC2Init), (164 bytes).
    Removing stm32f4xx_tim.o(i.TIM_OC2NPolarityConfig), (26 bytes).
    Removing stm32f4xx_tim.o(i.TIM_OC2PolarityConfig), (26 bytes).
    Removing stm32f4xx_tim.o(i.TIM_OC2PreloadConfig), (26 bytes).
    Removing stm32f4xx_tim.o(i.TIM_OC3FastConfig), (18 bytes).
    Removing stm32f4xx_tim.o(i.TIM_OC3Init), (160 bytes).
    Removing stm32f4xx_tim.o(i.TIM_OC3NPolarityConfig), (26 bytes).
    Removing stm32f4xx_tim.o(i.TIM_OC3PolarityConfig), (26 bytes).
    Removing stm32f4xx_tim.o(i.TIM_OC3PreloadConfig), (18 bytes).
    Removing stm32f4xx_tim.o(i.TIM_OC4FastConfig), (26 bytes).
    Removing stm32f4xx_tim.o(i.TIM_OC4Init), (120 bytes).
    Removing stm32f4xx_tim.o(i.TIM_OC4PolarityConfig), (26 bytes).
    Removing stm32f4xx_tim.o(i.TIM_OC4PreloadConfig), (26 bytes).
    Removing stm32f4xx_tim.o(i.TIM_OCStructInit), (20 bytes).
    Removing stm32f4xx_tim.o(i.TIM_PWMIConfig), (124 bytes).
    Removing stm32f4xx_tim.o(i.TIM_PrescalerConfig), (6 bytes).
    Removing stm32f4xx_tim.o(i.TIM_RemapConfig), (6 bytes).
    Removing stm32f4xx_tim.o(i.TIM_SelectCCDMA), (24 bytes).
    Removing stm32f4xx_tim.o(i.TIM_SelectCOM), (24 bytes).
    Removing stm32f4xx_tim.o(i.TIM_SelectHallSensor), (24 bytes).
    Removing stm32f4xx_tim.o(i.TIM_SelectInputTrigger), (18 bytes).
    Removing stm32f4xx_tim.o(i.TIM_SelectMasterSlaveMode), (18 bytes).
    Removing stm32f4xx_tim.o(i.TIM_SelectOCxM), (86 bytes).
    Removing stm32f4xx_tim.o(i.TIM_SelectOnePulseMode), (18 bytes).
    Removing stm32f4xx_tim.o(i.TIM_SelectOutputTrigger), (18 bytes).
    Removing stm32f4xx_tim.o(i.TIM_SelectSlaveMode), (18 bytes).
    Removing stm32f4xx_tim.o(i.TIM_SetAutoreload), (4 bytes).
    Removing stm32f4xx_tim.o(i.TIM_SetClockDivision), (18 bytes).
    Removing stm32f4xx_tim.o(i.TIM_SetCompare1), (4 bytes).
    Removing stm32f4xx_tim.o(i.TIM_SetCompare2), (4 bytes).
    Removing stm32f4xx_tim.o(i.TIM_SetCompare3), (4 bytes).
    Removing stm32f4xx_tim.o(i.TIM_SetCompare4), (4 bytes).
    Removing stm32f4xx_tim.o(i.TIM_SetCounter), (4 bytes).
    Removing stm32f4xx_tim.o(i.TIM_SetIC1Prescaler), (18 bytes).
    Removing stm32f4xx_tim.o(i.TIM_SetIC2Prescaler), (26 bytes).
    Removing stm32f4xx_tim.o(i.TIM_SetIC3Prescaler), (18 bytes).
    Removing stm32f4xx_tim.o(i.TIM_SetIC4Prescaler), (26 bytes).
    Removing stm32f4xx_tim.o(i.TIM_TIxExternalClockConfig), (62 bytes).
    Removing stm32f4xx_tim.o(i.TIM_TimeBaseStructInit), (18 bytes).
    Removing stm32f4xx_tim.o(i.TIM_UpdateDisableConfig), (24 bytes).
    Removing stm32f4xx_tim.o(i.TIM_UpdateRequestConfig), (24 bytes).

320 unused section(s) (total 14123 bytes) removed from the image.

==============================================================================

Image Symbol Table

    Local Symbols

    Symbol Name                              Value     Ov Type        Size  Object(Section)

    ../clib/angel/boardlib.s                 0x00000000   Number         0  boardinit3.o ABSOLUTE
    ../clib/angel/boardlib.s                 0x00000000   Number         0  boardinit2.o ABSOLUTE
    ../clib/angel/boardlib.s                 0x00000000   Number         0  boardinit1.o ABSOLUTE
    ../clib/angel/boardlib.s                 0x00000000   Number         0  boardshut.o ABSOLUTE
    ../clib/angel/handlers.s                 0x00000000   Number         0  __scatter_copy.o ABSOLUTE
    ../clib/angel/handlers.s                 0x00000000   Number         0  __scatter_zi.o ABSOLUTE
    ../clib/angel/kernel.s                   0x00000000   Number         0  __rtentry4.o ABSOLUTE
    ../clib/angel/kernel.s                   0x00000000   Number         0  rtexit.o ABSOLUTE
    ../clib/angel/kernel.s                   0x00000000   Number         0  rtexit2.o ABSOLUTE
    ../clib/angel/kernel.s                   0x00000000   Number         0  __rtentry2.o ABSOLUTE
    ../clib/angel/kernel.s                   0x00000000   Number         0  __rtentry.o ABSOLUTE
    ../clib/angel/rt.s                       0x00000000   Number         0  rt_raise.o ABSOLUTE
    ../clib/angel/scatter.s                  0x00000000   Number         0  __scatter.o ABSOLUTE
    ../clib/angel/startup.s                  0x00000000   Number         0  __main.o ABSOLUTE
    ../clib/angel/sys.s                      0x00000000   Number         0  libspace.o ABSOLUTE
    ../clib/angel/sys.s                      0x00000000   Number         0  use_no_semi.o ABSOLUTE
    ../clib/angel/sys.s                      0x00000000   Number         0  indicate_semi.o ABSOLUTE
    ../clib/angel/sys.s                      0x00000000   Number         0  sys_stackheap_outer.o ABSOLUTE
    ../clib/angel/sysapp.c                   0x00000000   Number         0  sys_command.o ABSOLUTE
    ../clib/angel/sysapp.c                   0x00000000   Number         0  sys_wrch.o ABSOLUTE
    ../clib/angel/sysapp.c                   0x00000000   Number         0  sys_exit.o ABSOLUTE
    ../clib/armsys.c                         0x00000000   Number         0  _get_argv_nomalloc.o ABSOLUTE
    ../clib/armsys.c                         0x00000000   Number         0  argv_veneer.o ABSOLUTE
    ../clib/armsys.c                         0x00000000   Number         0  argv_veneer.o ABSOLUTE
    ../clib/armsys.c                         0x00000000   Number         0  no_argv.o ABSOLUTE
    ../clib/heapalloc.c                      0x00000000   Number         0  hrguard.o ABSOLUTE
    ../clib/heapaux.c                        0x00000000   Number         0  heapauxi.o ABSOLUTE
    ../clib/libinit.s                        0x00000000   Number         0  libinit2.o ABSOLUTE
    ../clib/libinit.s                        0x00000000   Number         0  libshutdown.o ABSOLUTE
    ../clib/libinit.s                        0x00000000   Number         0  libinit.o ABSOLUTE
    ../clib/libinit.s                        0x00000000   Number         0  libshutdown2.o ABSOLUTE
    ../clib/signal.c                         0x00000000   Number         0  defsig_rtmem_formal.o ABSOLUTE
    ../clib/signal.c                         0x00000000   Number         0  defsig_other.o ABSOLUTE
    ../clib/signal.c                         0x00000000   Number         0  defsig_segv_inner.o ABSOLUTE
    ../clib/signal.c                         0x00000000   Number         0  defsig_rtred_inner.o ABSOLUTE
    ../clib/signal.c                         0x00000000   Number         0  defsig_cppl_inner.o ABSOLUTE
    ../clib/signal.c                         0x00000000   Number         0  defsig_pvfn_inner.o ABSOLUTE
    ../clib/signal.c                         0x00000000   Number         0  defsig_stak_inner.o ABSOLUTE
    ../clib/signal.c                         0x00000000   Number         0  defsig_fpe_inner.o ABSOLUTE
    ../clib/signal.c                         0x00000000   Number         0  defsig_abrt_inner.o ABSOLUTE
    ../clib/signal.c                         0x00000000   Number         0  defsig_general.o ABSOLUTE
    ../clib/signal.c                         0x00000000   Number         0  __raise.o ABSOLUTE
    ../clib/signal.c                         0x00000000   Number         0  defsig_rtmem_inner.o ABSOLUTE
    ../clib/signal.c                         0x00000000   Number         0  defsig_exit.o ABSOLUTE
    ../clib/signal.c                         0x00000000   Number         0  defsig_rtmem_outer.o ABSOLUTE
    ../clib/signal.s                         0x00000000   Number         0  defsig.o ABSOLUTE
    ../clib/stdlib.c                         0x00000000   Number         0  exit.o ABSOLUTE
    ../fplib/fpinit.s                        0x00000000   Number         0  fpinit.o ABSOLUTE
    ..\CORE\startup_stm32f40_41xxx.s         0x00000000   Number         0  startup_stm32f40_41xxx.o ABSOLUTE
    ..\FWLIB\src\misc.c                      0x00000000   Number         0  misc.o ABSOLUTE
    ..\FWLIB\src\stm32f4xx_adc.c             0x00000000   Number         0  stm32f4xx_adc.o ABSOLUTE
    ..\FWLIB\src\stm32f4xx_gpio.c            0x00000000   Number         0  stm32f4xx_gpio.o ABSOLUTE
    ..\FWLIB\src\stm32f4xx_rcc.c             0x00000000   Number         0  stm32f4xx_rcc.o ABSOLUTE
    ..\FWLIB\src\stm32f4xx_syscfg.c          0x00000000   Number         0  stm32f4xx_syscfg.o ABSOLUTE
    ..\FWLIB\src\stm32f4xx_tim.c             0x00000000   Number         0  stm32f4xx_tim.o ABSOLUTE
    ..\FWLIB\src\stm32f4xx_usart.c           0x00000000   Number         0  stm32f4xx_usart.o ABSOLUTE
    ..\FWLIB\src\stm32f4xx_wwdg.c            0x00000000   Number         0  stm32f4xx_wwdg.o ABSOLUTE
    ..\SYSTEM\delay\delay.c                  0x00000000   Number         0  delay.o ABSOLUTE
    ..\\FWLIB\\src\\misc.c                   0x00000000   Number         0  misc.o ABSOLUTE
    ..\\FWLIB\\src\\stm32f4xx_adc.c          0x00000000   Number         0  stm32f4xx_adc.o ABSOLUTE
    ..\\FWLIB\\src\\stm32f4xx_gpio.c         0x00000000   Number         0  stm32f4xx_gpio.o ABSOLUTE
    ..\\FWLIB\\src\\stm32f4xx_rcc.c          0x00000000   Number         0  stm32f4xx_rcc.o ABSOLUTE
    ..\\FWLIB\\src\\stm32f4xx_syscfg.c       0x00000000   Number         0  stm32f4xx_syscfg.o ABSOLUTE
    ..\\FWLIB\\src\\stm32f4xx_tim.c          0x00000000   Number         0  stm32f4xx_tim.o ABSOLUTE
    ..\\FWLIB\\src\\stm32f4xx_usart.c        0x00000000   Number         0  stm32f4xx_usart.o ABSOLUTE
    ..\\FWLIB\\src\\stm32f4xx_wwdg.c         0x00000000   Number         0  stm32f4xx_wwdg.o ABSOLUTE
    ..\\SYSTEM\\delay\\delay.c               0x00000000   Number         0  delay.o ABSOLUTE
    ADC_Process.c                            0x00000000   Number         0  adc_process.o ABSOLUTE
    ADC_Process.c                            0x00000000   Number         0  adc_process.o ABSOLUTE
    Charging_Process.c                       0x00000000   Number         0  charging_process.o ABSOLUTE
    Charging_Process.c                       0x00000000   Number         0  charging_process.o ABSOLUTE
    GPIO.c                                   0x00000000   Number         0  gpio.o ABSOLUTE
    GPIO.c                                   0x00000000   Number         0  gpio.o ABSOLUTE
    Global_Variant.c                         0x00000000   Number         0  global_variant.o ABSOLUTE
    Indicating_Process.c                     0x00000000   Number         0  indicating_process.o ABSOLUTE
    Indicating_Process.c                     0x00000000   Number         0  indicating_process.o ABSOLUTE
    Motor_Process.c                          0x00000000   Number         0  motor_process.o ABSOLUTE
    Motor_Process.c                          0x00000000   Number         0  motor_process.o ABSOLUTE
    P4P_Process.c                            0x00000000   Number         0  p4p_process.o ABSOLUTE
    P4P_Process.c                            0x00000000   Number         0  p4p_process.o ABSOLUTE
    PN532.c                                  0x00000000   Number         0  pn532.o ABSOLUTE
    PN532.c                                  0x00000000   Number         0  pn532.o ABSOLUTE
    STM32F407VET_Config.c                    0x00000000   Number         0  stm32f407vet_config.o ABSOLUTE
    STM32F407VET_Config.c                    0x00000000   Number         0  stm32f407vet_config.o ABSOLUTE
    Timer.c                                  0x00000000   Number         0  timer.o ABSOLUTE
    Timer.c                                  0x00000000   Number         0  timer.o ABSOLUTE
    UART_Process.c                           0x00000000   Number         0  uart_process.o ABSOLUTE
    UART_Process.c                           0x00000000   Number         0  uart_process.o ABSOLUTE
    Ultra_Bay.c                              0x00000000   Number         0  ultra_bay.o ABSOLUTE
    Ultra_Bay.c                              0x00000000   Number         0  ultra_bay.o ABSOLUTE
    dc.s                                     0x00000000   Number         0  dc.o ABSOLUTE
    main.c                                   0x00000000   Number         0  main.o ABSOLUTE
    main.c                                   0x00000000   Number         0  main.o ABSOLUTE
    myiic.c                                  0x00000000   Number         0  myiic.o ABSOLUTE
    myiic.c                                  0x00000000   Number         0  myiic.o ABSOLUTE
    rs485.c                                  0x00000000   Number         0  rs485.o ABSOLUTE
    rs485.c                                  0x00000000   Number         0  rs485.o ABSOLUTE
    stm32f4xx_it.c                           0x00000000   Number         0  stm32f4xx_it.o ABSOLUTE
    stm32f4xx_it.c                           0x00000000   Number         0  stm32f4xx_it.o ABSOLUTE
    system_stm32f4xx.c                       0x00000000   Number         0  system_stm32f4xx.o ABSOLUTE
    system_stm32f4xx.c                       0x00000000   Number         0  system_stm32f4xx.o ABSOLUTE
    wwdg.c                                   0x00000000   Number         0  wwdg.o ABSOLUTE
    wwdg.c                                   0x00000000   Number         0  wwdg.o ABSOLUTE
    RESET                                    0x08000000   Section      392  startup_stm32f40_41xxx.o(RESET)
    !!!main                                  0x08000188   Section        8  __main.o(!!!main)
    !!!scatter                               0x08000190   Section       52  __scatter.o(!!!scatter)
    !!handler_copy                           0x080001c4   Section       26  __scatter_copy.o(!!handler_copy)
    !!handler_zi                             0x080001e0   Section       28  __scatter_zi.o(!!handler_zi)
    .ARM.Collect$$libinit$$00000000          0x080001fc   Section        2  libinit.o(.ARM.Collect$$libinit$$00000000)
    .ARM.Collect$$libinit$$00000001          0x080001fe   Section        4  libinit2.o(.ARM.Collect$$libinit$$00000001)
    .ARM.Collect$$libinit$$00000004          0x08000202   Section        0  libinit2.o(.ARM.Collect$$libinit$$00000004)
    .ARM.Collect$$libinit$$0000000A          0x08000202   Section        0  libinit2.o(.ARM.Collect$$libinit$$0000000A)
    .ARM.Collect$$libinit$$0000000C          0x08000202   Section        0  libinit2.o(.ARM.Collect$$libinit$$0000000C)
    .ARM.Collect$$libinit$$0000000E          0x08000202   Section        0  libinit2.o(.ARM.Collect$$libinit$$0000000E)
    .ARM.Collect$$libinit$$00000011          0x08000202   Section        0  libinit2.o(.ARM.Collect$$libinit$$00000011)
    .ARM.Collect$$libinit$$00000013          0x08000202   Section        0  libinit2.o(.ARM.Collect$$libinit$$00000013)
    .ARM.Collect$$libinit$$00000015          0x08000202   Section        0  libinit2.o(.ARM.Collect$$libinit$$00000015)
    .ARM.Collect$$libinit$$00000017          0x08000202   Section        0  libinit2.o(.ARM.Collect$$libinit$$00000017)
    .ARM.Collect$$libinit$$00000019          0x08000202   Section        0  libinit2.o(.ARM.Collect$$libinit$$00000019)
    .ARM.Collect$$libinit$$0000001B          0x08000202   Section        0  libinit2.o(.ARM.Collect$$libinit$$0000001B)
    .ARM.Collect$$libinit$$0000001D          0x08000202   Section        0  libinit2.o(.ARM.Collect$$libinit$$0000001D)
    .ARM.Collect$$libinit$$0000001F          0x08000202   Section        0  libinit2.o(.ARM.Collect$$libinit$$0000001F)
    .ARM.Collect$$libinit$$00000021          0x08000202   Section        0  libinit2.o(.ARM.Collect$$libinit$$00000021)
    .ARM.Collect$$libinit$$00000023          0x08000202   Section        0  libinit2.o(.ARM.Collect$$libinit$$00000023)
    .ARM.Collect$$libinit$$00000025          0x08000202   Section        0  libinit2.o(.ARM.Collect$$libinit$$00000025)
    .ARM.Collect$$libinit$$0000002C          0x08000202   Section        0  libinit2.o(.ARM.Collect$$libinit$$0000002C)
    .ARM.Collect$$libinit$$0000002E          0x08000202   Section        0  libinit2.o(.ARM.Collect$$libinit$$0000002E)
    .ARM.Collect$$libinit$$00000030          0x08000202   Section        0  libinit2.o(.ARM.Collect$$libinit$$00000030)
    .ARM.Collect$$libinit$$00000032          0x08000202   Section        0  libinit2.o(.ARM.Collect$$libinit$$00000032)
    .ARM.Collect$$libinit$$00000033          0x08000202   Section        2  libinit2.o(.ARM.Collect$$libinit$$00000033)
    .ARM.Collect$$libshutdown$$00000000      0x08000204   Section        2  libshutdown.o(.ARM.Collect$$libshutdown$$00000000)
    .ARM.Collect$$libshutdown$$00000002      0x08000206   Section        0  libshutdown2.o(.ARM.Collect$$libshutdown$$00000002)
    .ARM.Collect$$libshutdown$$00000004      0x08000206   Section        0  libshutdown2.o(.ARM.Collect$$libshutdown$$00000004)
    .ARM.Collect$$libshutdown$$00000007      0x08000206   Section        0  libshutdown2.o(.ARM.Collect$$libshutdown$$00000007)
    .ARM.Collect$$libshutdown$$0000000A      0x08000206   Section        0  libshutdown2.o(.ARM.Collect$$libshutdown$$0000000A)
    .ARM.Collect$$libshutdown$$0000000C      0x08000206   Section        0  libshutdown2.o(.ARM.Collect$$libshutdown$$0000000C)
    .ARM.Collect$$libshutdown$$0000000F      0x08000206   Section        0  libshutdown2.o(.ARM.Collect$$libshutdown$$0000000F)
    .ARM.Collect$$libshutdown$$00000010      0x08000206   Section        2  libshutdown2.o(.ARM.Collect$$libshutdown$$00000010)
    .ARM.Collect$$rtentry$$00000000          0x08000208   Section        0  __rtentry.o(.ARM.Collect$$rtentry$$00000000)
    .ARM.Collect$$rtentry$$00000002          0x08000208   Section        0  __rtentry2.o(.ARM.Collect$$rtentry$$00000002)
    .ARM.Collect$$rtentry$$00000004          0x08000208   Section        6  __rtentry4.o(.ARM.Collect$$rtentry$$00000004)
    .ARM.Collect$$rtentry$$00000009          0x0800020e   Section        0  __rtentry2.o(.ARM.Collect$$rtentry$$00000009)
    .ARM.Collect$$rtentry$$0000000A          0x0800020e   Section        4  __rtentry2.o(.ARM.Collect$$rtentry$$0000000A)
    .ARM.Collect$$rtentry$$0000000C          0x08000212   Section        0  __rtentry2.o(.ARM.Collect$$rtentry$$0000000C)
    .ARM.Collect$$rtentry$$0000000D          0x08000212   Section        8  __rtentry2.o(.ARM.Collect$$rtentry$$0000000D)
    .ARM.Collect$$rtexit$$00000000           0x0800021a   Section        2  rtexit.o(.ARM.Collect$$rtexit$$00000000)
    .ARM.Collect$$rtexit$$00000002           0x0800021c   Section        0  rtexit2.o(.ARM.Collect$$rtexit$$00000002)
    .ARM.Collect$$rtexit$$00000003           0x0800021c   Section        4  rtexit2.o(.ARM.Collect$$rtexit$$00000003)
    .ARM.Collect$$rtexit$$00000004           0x08000220   Section        6  rtexit2.o(.ARM.Collect$$rtexit$$00000004)
    .text                                    0x08000228   Section       64  startup_stm32f40_41xxx.o(.text)
    $v0                                      0x08000228   Number         0  startup_stm32f40_41xxx.o(.text)
    .text                                    0x08000268   Section        0  heapauxi.o(.text)
    .text                                    0x0800026e   Section       74  sys_stackheap_outer.o(.text)
    .text                                    0x080002b8   Section        0  exit.o(.text)
    .text                                    0x080002cc   Section        8  libspace.o(.text)
    .text                                    0x080002d4   Section        0  sys_exit.o(.text)
    .text                                    0x080002e0   Section        2  use_no_semi.o(.text)
    .text                                    0x080002e2   Section        0  indicate_semi.o(.text)
    i.ADC1_Configuration                     0x080002e4   Section        0  stm32f407vet_config.o(i.ADC1_Configuration)
    i.ADC_Cmd                                0x0800033c   Section        0  stm32f4xx_adc.o(i.ADC_Cmd)
    i.ADC_CommonInit                         0x08000354   Section        0  stm32f4xx_adc.o(i.ADC_CommonInit)
    i.ADC_Init                               0x08000384   Section        0  stm32f4xx_adc.o(i.ADC_Init)
    i.Bar_Front_Motor_Process                0x080003d8   Section        0  motor_process.o(i.Bar_Front_Motor_Process)
    i.BusFault_Handler                       0x08000454   Section        0  stm32f4xx_it.o(i.BusFault_Handler)
    i.CPU_Initialization                     0x08000458   Section        0  stm32f407vet_config.o(i.CPU_Initialization)
    i.DebugMon_Handler                       0x080004cc   Section        0  stm32f4xx_it.o(i.DebugMon_Handler)
    i.Delay                                  0x080004d0   Section        0  timer.o(i.Delay)
    i.GPIO_Configuration                     0x080004e8   Section        0  stm32f407vet_config.o(i.GPIO_Configuration)
    i.GPIO_Init                              0x08000640   Section        0  stm32f4xx_gpio.o(i.GPIO_Init)
    i.GPIO_PinAFConfig                       0x080006d0   Section        0  stm32f4xx_gpio.o(i.GPIO_PinAFConfig)
    i.GPIO_WriteBit                          0x08000716   Section        0  stm32f4xx_gpio.o(i.GPIO_WriteBit)
    i.HardFault_Handler                      0x08000720   Section        0  stm32f4xx_it.o(i.HardFault_Handler)
    i.MemManage_Handler                      0x08000724   Section        0  stm32f4xx_it.o(i.MemManage_Handler)
    i.NMI_Handler                            0x08000728   Section        0  stm32f4xx_it.o(i.NMI_Handler)
    i.NVIC_Configuration                     0x0800072c   Section        0  stm32f407vet_config.o(i.NVIC_Configuration)
    i.NVIC_Init                              0x08000820   Section        0  misc.o(i.NVIC_Init)
    i.NVIC_PriorityGroupConfig               0x08000898   Section        0  misc.o(i.NVIC_PriorityGroupConfig)
    i.PendSV_Handler                         0x080008ac   Section        0  stm32f4xx_it.o(i.PendSV_Handler)
    i.RCC_AHB1PeriphClockCmd                 0x080008b0   Section        0  stm32f4xx_rcc.o(i.RCC_AHB1PeriphClockCmd)
    i.RCC_APB1PeriphClockCmd                 0x080008d0   Section        0  stm32f4xx_rcc.o(i.RCC_APB1PeriphClockCmd)
    i.RCC_APB2PeriphClockCmd                 0x080008f0   Section        0  stm32f4xx_rcc.o(i.RCC_APB2PeriphClockCmd)
    i.RCC_APB2PeriphResetCmd                 0x08000910   Section        0  stm32f4xx_rcc.o(i.RCC_APB2PeriphResetCmd)
    i.RCC_GetClocksFreq                      0x08000930   Section        0  stm32f4xx_rcc.o(i.RCC_GetClocksFreq)
    i.RS485_Init                             0x08000a18   Section        0  rs485.o(i.RS485_Init)
    i.SVC_Handler                            0x08000b68   Section        0  stm32f4xx_it.o(i.SVC_Handler)
    i.SetSysClock                            0x08000b6c   Section        0  system_stm32f4xx.o(i.SetSysClock)
    SetSysClock                              0x08000b6d   Thumb Code   220  system_stm32f4xx.o(i.SetSysClock)
    i.SysTick_CLKSourceConfig                0x08000c58   Section        0  misc.o(i.SysTick_CLKSourceConfig)
    i.SysTick_Handler                        0x08000c80   Section        0  stm32f4xx_it.o(i.SysTick_Handler)
    i.SystemInit                             0x08000d54   Section        0  system_stm32f4xx.o(i.SystemInit)
    i.TIM2_IRQHandler                        0x08000dbc   Section        0  ultra_bay.o(i.TIM2_IRQHandler)
    i.TIM3_IRQHandler                        0x08000dc0   Section        0  ultra_bay.o(i.TIM3_IRQHandler)
    i.TIM_ClearITPendingBit                  0x08000e6c   Section        0  stm32f4xx_tim.o(i.TIM_ClearITPendingBit)
    i.TIM_Cmd                                0x08000e72   Section        0  stm32f4xx_tim.o(i.TIM_Cmd)
    i.TIM_GetITStatus                        0x08000e8a   Section        0  stm32f4xx_tim.o(i.TIM_GetITStatus)
    i.TIM_ITConfig                           0x08000eac   Section        0  stm32f4xx_tim.o(i.TIM_ITConfig)
    i.TIM_TimeBaseInit                       0x08000ec0   Section        0  stm32f4xx_tim.o(i.TIM_TimeBaseInit)
    i.UART_Process                           0x08000f44   Section        0  uart_process.o(i.UART_Process)
    i.USART1_IRQHandler                      0x08001214   Section        0  rs485.o(i.USART1_IRQHandler)
    i.USART2_IRQHandler                      0x08001248   Section        0  rs485.o(i.USART2_IRQHandler)
    i.USART_ClearFlag                        0x080012e0   Section        0  stm32f4xx_usart.o(i.USART_ClearFlag)
    i.USART_ClearITPendingBit                0x080012f2   Section        0  stm32f4xx_usart.o(i.USART_ClearITPendingBit)
    i.USART_Cmd                              0x08001310   Section        0  stm32f4xx_usart.o(i.USART_Cmd)
    i.USART_GetFlagStatus                    0x08001328   Section        0  stm32f4xx_usart.o(i.USART_GetFlagStatus)
    i.USART_GetITStatus                      0x08001342   Section        0  stm32f4xx_usart.o(i.USART_GetITStatus)
    i.USART_ITConfig                         0x08001396   Section        0  stm32f4xx_usart.o(i.USART_ITConfig)
    i.USART_Init                             0x080013e0   Section        0  stm32f4xx_usart.o(i.USART_Init)
    i.USART_ReceiveData                      0x080014b4   Section        0  stm32f4xx_usart.o(i.USART_ReceiveData)
    i.USART_SendData                         0x080014be   Section        0  stm32f4xx_usart.o(i.USART_SendData)
    i.Ultra_Bay_Initialization               0x080014c8   Section        0  ultra_bay.o(i.Ultra_Bay_Initialization)
    i.UsageFault_Handler                     0x080015d4   Section        0  stm32f4xx_it.o(i.UsageFault_Handler)
    i.WWDG_ClearFlag                         0x080015d8   Section        0  stm32f4xx_wwdg.o(i.WWDG_ClearFlag)
    i.WWDG_IRQHandler                        0x080015e4   Section        0  wwdg.o(i.WWDG_IRQHandler)
    i.WWDG_SetCounter                        0x080015f8   Section        0  stm32f4xx_wwdg.o(i.WWDG_SetCounter)
    i.delay_init                             0x08001608   Section        0  delay.o(i.delay_init)
    i.delay_ms                               0x08001644   Section        0  ultra_bay.o(i.delay_ms)
    i.delay_us                               0x08001660   Section        0  delay.o(i.delay_us)
    i.main                                   0x080016ac   Section        0  main.o(i.main)
    x$fpl$fpinit                             0x080016ce   Section       10  fpinit.o(x$fpl$fpinit)
    $v0                                      0x080016ce   Number         0  fpinit.o(x$fpl$fpinit)
    .data                                    0x20000000   Section      132  global_variant.o(.data)
    .data                                    0x20000084   Section        4  timer.o(.data)
    .data                                    0x20000088   Section        1  wwdg.o(.data)
    .data                                    0x2000008c   Section       20  system_stm32f4xx.o(.data)
    .data                                    0x200000a0   Section        4  delay.o(.data)
    fac_us                                   0x200000a0   Data           1  delay.o(.data)
    fac_ms                                   0x200000a2   Data           2  delay.o(.data)
    .data                                    0x200000a4   Section       16  stm32f4xx_rcc.o(.data)
    APBAHBPrescTable                         0x200000a4   Data          16  stm32f4xx_rcc.o(.data)
    .bss                                     0x200000b4   Section       96  libspace.o(.bss)
    HEAP                                     0x20000118   Section      512  startup_stm32f40_41xxx.o(HEAP)
    Heap_Mem                                 0x20000118   Data         512  startup_stm32f40_41xxx.o(HEAP)
    STACK                                    0x20000318   Section     1024  startup_stm32f40_41xxx.o(STACK)
    Stack_Mem                                0x20000318   Data        1024  startup_stm32f40_41xxx.o(STACK)
    __initial_sp                             0x20000718   Data           0  startup_stm32f40_41xxx.o(STACK)

    Global Symbols

    Symbol Name                              Value     Ov Type        Size  Object(Section)

    BuildAttributes$$THM_ISAv4$E$P$D$K$B$S$7EM$VFPi3$EXTD16$VFPS$VFMA$PE$A:L22UL41UL21$X:L11$S22US41US21$IEEE1$IW$USESV6$~STKCKD$USESV7$~SHL$OSPACE$ROPI$EBA8$UX$STANDARDLIB$REQ8$PRES8$EABIv2 0x00000000   Number         0  anon$$obj.o ABSOLUTE
    __ARM_use_no_argv                        0x00000000   Number         0  main.o ABSOLUTE
    __ARM_exceptions_init                     - Undefined Weak Reference
    __alloca_initialize                       - Undefined Weak Reference
    __arm_preinit_                            - Undefined Weak Reference
    __cpp_initialize__aeabi_                  - Undefined Weak Reference
    __cxa_finalize                            - Undefined Weak Reference
    __rt_locale                               - Undefined Weak Reference
    __sigvec_lookup                           - Undefined Weak Reference
    _atexit_init                              - Undefined Weak Reference
    _call_atexit_fns                          - Undefined Weak Reference
    _clock_init                               - Undefined Weak Reference
    _fp_trap_init                             - Undefined Weak Reference
    _fp_trap_shutdown                         - Undefined Weak Reference
    _get_lc_collate                           - Undefined Weak Reference
    _get_lc_ctype                             - Undefined Weak Reference
    _get_lc_monetary                          - Undefined Weak Reference
    _get_lc_numeric                           - Undefined Weak Reference
    _get_lc_time                              - Undefined Weak Reference
    _getenv_init                              - Undefined Weak Reference
    _handle_redirection                       - Undefined Weak Reference
    _init_alloc                               - Undefined Weak Reference
    _init_user_alloc                          - Undefined Weak Reference
    _initio                                   - Undefined Weak Reference
    _rand_init                                - Undefined Weak Reference
    _signal_finish                            - Undefined Weak Reference
    _signal_init                              - Undefined Weak Reference
    _terminate_alloc                          - Undefined Weak Reference
    _terminate_user_alloc                     - Undefined Weak Reference
    _terminateio                              - Undefined Weak Reference
    __Vectors_Size                           0x00000188   Number         0  startup_stm32f40_41xxx.o ABSOLUTE
    __Vectors                                0x08000000   Data           4  startup_stm32f40_41xxx.o(RESET)
    __Vectors_End                            0x08000188   Data           0  startup_stm32f40_41xxx.o(RESET)
    __main                                   0x08000189   Thumb Code     8  __main.o(!!!main)
    __scatterload                            0x08000191   Thumb Code     0  __scatter.o(!!!scatter)
    __scatterload_rt2                        0x08000191   Thumb Code    44  __scatter.o(!!!scatter)
    __scatterload_rt2_thumb_only             0x08000191   Thumb Code     0  __scatter.o(!!!scatter)
    __scatterload_null                       0x0800019f   Thumb Code     0  __scatter.o(!!!scatter)
    __scatterload_copy                       0x080001c5   Thumb Code    26  __scatter_copy.o(!!handler_copy)
    __scatterload_zeroinit                   0x080001e1   Thumb Code    28  __scatter_zi.o(!!handler_zi)
    __rt_lib_init                            0x080001fd   Thumb Code     0  libinit.o(.ARM.Collect$$libinit$$00000000)
    __rt_lib_init_fp_1                       0x080001ff   Thumb Code     0  libinit2.o(.ARM.Collect$$libinit$$00000001)
    __rt_lib_init_alloca_1                   0x08000203   Thumb Code     0  libinit2.o(.ARM.Collect$$libinit$$0000002E)
    __rt_lib_init_argv_1                     0x08000203   Thumb Code     0  libinit2.o(.ARM.Collect$$libinit$$0000002C)
    __rt_lib_init_atexit_1                   0x08000203   Thumb Code     0  libinit2.o(.ARM.Collect$$libinit$$0000001B)
    __rt_lib_init_clock_1                    0x08000203   Thumb Code     0  libinit2.o(.ARM.Collect$$libinit$$00000021)
    __rt_lib_init_cpp_1                      0x08000203   Thumb Code     0  libinit2.o(.ARM.Collect$$libinit$$00000032)
    __rt_lib_init_exceptions_1               0x08000203   Thumb Code     0  libinit2.o(.ARM.Collect$$libinit$$00000030)
    __rt_lib_init_fp_trap_1                  0x08000203   Thumb Code     0  libinit2.o(.ARM.Collect$$libinit$$0000001F)
    __rt_lib_init_getenv_1                   0x08000203   Thumb Code     0  libinit2.o(.ARM.Collect$$libinit$$00000023)
    __rt_lib_init_heap_1                     0x08000203   Thumb Code     0  libinit2.o(.ARM.Collect$$libinit$$0000000A)
    __rt_lib_init_lc_collate_1               0x08000203   Thumb Code     0  libinit2.o(.ARM.Collect$$libinit$$00000011)
    __rt_lib_init_lc_ctype_1                 0x08000203   Thumb Code     0  libinit2.o(.ARM.Collect$$libinit$$00000013)
    __rt_lib_init_lc_monetary_1              0x08000203   Thumb Code     0  libinit2.o(.ARM.Collect$$libinit$$00000015)
    __rt_lib_init_lc_numeric_1               0x08000203   Thumb Code     0  libinit2.o(.ARM.Collect$$libinit$$00000017)
    __rt_lib_init_lc_time_1                  0x08000203   Thumb Code     0  libinit2.o(.ARM.Collect$$libinit$$00000019)
    __rt_lib_init_preinit_1                  0x08000203   Thumb Code     0  libinit2.o(.ARM.Collect$$libinit$$00000004)
    __rt_lib_init_rand_1                     0x08000203   Thumb Code     0  libinit2.o(.ARM.Collect$$libinit$$0000000E)
    __rt_lib_init_return                     0x08000203   Thumb Code     0  libinit2.o(.ARM.Collect$$libinit$$00000033)
    __rt_lib_init_signal_1                   0x08000203   Thumb Code     0  libinit2.o(.ARM.Collect$$libinit$$0000001D)
    __rt_lib_init_stdio_1                    0x08000203   Thumb Code     0  libinit2.o(.ARM.Collect$$libinit$$00000025)
    __rt_lib_init_user_alloc_1               0x08000203   Thumb Code     0  libinit2.o(.ARM.Collect$$libinit$$0000000C)
    __rt_lib_shutdown                        0x08000205   Thumb Code     0  libshutdown.o(.ARM.Collect$$libshutdown$$00000000)
    __rt_lib_shutdown_cpp_1                  0x08000207   Thumb Code     0  libshutdown2.o(.ARM.Collect$$libshutdown$$00000002)
    __rt_lib_shutdown_fp_trap_1              0x08000207   Thumb Code     0  libshutdown2.o(.ARM.Collect$$libshutdown$$00000007)
    __rt_lib_shutdown_heap_1                 0x08000207   Thumb Code     0  libshutdown2.o(.ARM.Collect$$libshutdown$$0000000F)
    __rt_lib_shutdown_return                 0x08000207   Thumb Code     0  libshutdown2.o(.ARM.Collect$$libshutdown$$00000010)
    __rt_lib_shutdown_signal_1               0x08000207   Thumb Code     0  libshutdown2.o(.ARM.Collect$$libshutdown$$0000000A)
    __rt_lib_shutdown_stdio_1                0x08000207   Thumb Code     0  libshutdown2.o(.ARM.Collect$$libshutdown$$00000004)
    __rt_lib_shutdown_user_alloc_1           0x08000207   Thumb Code     0  libshutdown2.o(.ARM.Collect$$libshutdown$$0000000C)
    __rt_entry                               0x08000209   Thumb Code     0  __rtentry.o(.ARM.Collect$$rtentry$$00000000)
    __rt_entry_presh_1                       0x08000209   Thumb Code     0  __rtentry2.o(.ARM.Collect$$rtentry$$00000002)
    __rt_entry_sh                            0x08000209   Thumb Code     0  __rtentry4.o(.ARM.Collect$$rtentry$$00000004)
    __rt_entry_li                            0x0800020f   Thumb Code     0  __rtentry2.o(.ARM.Collect$$rtentry$$0000000A)
    __rt_entry_postsh_1                      0x0800020f   Thumb Code     0  __rtentry2.o(.ARM.Collect$$rtentry$$00000009)
    __rt_entry_main                          0x08000213   Thumb Code     0  __rtentry2.o(.ARM.Collect$$rtentry$$0000000D)
    __rt_entry_postli_1                      0x08000213   Thumb Code     0  __rtentry2.o(.ARM.Collect$$rtentry$$0000000C)
    __rt_exit                                0x0800021b   Thumb Code     0  rtexit.o(.ARM.Collect$$rtexit$$00000000)
    __rt_exit_ls                             0x0800021d   Thumb Code     0  rtexit2.o(.ARM.Collect$$rtexit$$00000003)
    __rt_exit_prels_1                        0x0800021d   Thumb Code     0  rtexit2.o(.ARM.Collect$$rtexit$$00000002)
    __rt_exit_exit                           0x08000221   Thumb Code     0  rtexit2.o(.ARM.Collect$$rtexit$$00000004)
    Reset_Handler                            0x08000229   Thumb Code     8  startup_stm32f40_41xxx.o(.text)
    ADC_IRQHandler                           0x08000243   Thumb Code     0  startup_stm32f40_41xxx.o(.text)
    CAN1_RX0_IRQHandler                      0x08000243   Thumb Code     0  startup_stm32f40_41xxx.o(.text)
    CAN1_RX1_IRQHandler                      0x08000243   Thumb Code     0  startup_stm32f40_41xxx.o(.text)
    CAN1_SCE_IRQHandler                      0x08000243   Thumb Code     0  startup_stm32f40_41xxx.o(.text)
    CAN1_TX_IRQHandler                       0x08000243   Thumb Code     0  startup_stm32f40_41xxx.o(.text)
    CAN2_RX0_IRQHandler                      0x08000243   Thumb Code     0  startup_stm32f40_41xxx.o(.text)
    CAN2_RX1_IRQHandler                      0x08000243   Thumb Code     0  startup_stm32f40_41xxx.o(.text)
    CAN2_SCE_IRQHandler                      0x08000243   Thumb Code     0  startup_stm32f40_41xxx.o(.text)
    CAN2_TX_IRQHandler                       0x08000243   Thumb Code     0  startup_stm32f40_41xxx.o(.text)
    CRYP_IRQHandler                          0x08000243   Thumb Code     0  startup_stm32f40_41xxx.o(.text)
    DCMI_IRQHandler                          0x08000243   Thumb Code     0  startup_stm32f40_41xxx.o(.text)
    DMA1_Stream0_IRQHandler                  0x08000243   Thumb Code     0  startup_stm32f40_41xxx.o(.text)
    DMA1_Stream1_IRQHandler                  0x08000243   Thumb Code     0  startup_stm32f40_41xxx.o(.text)
    DMA1_Stream2_IRQHandler                  0x08000243   Thumb Code     0  startup_stm32f40_41xxx.o(.text)
    DMA1_Stream3_IRQHandler                  0x08000243   Thumb Code     0  startup_stm32f40_41xxx.o(.text)
    DMA1_Stream4_IRQHandler                  0x08000243   Thumb Code     0  startup_stm32f40_41xxx.o(.text)
    DMA1_Stream5_IRQHandler                  0x08000243   Thumb Code     0  startup_stm32f40_41xxx.o(.text)
    DMA1_Stream6_IRQHandler                  0x08000243   Thumb Code     0  startup_stm32f40_41xxx.o(.text)
    DMA1_Stream7_IRQHandler                  0x08000243   Thumb Code     0  startup_stm32f40_41xxx.o(.text)
    DMA2_Stream0_IRQHandler                  0x08000243   Thumb Code     0  startup_stm32f40_41xxx.o(.text)
    DMA2_Stream1_IRQHandler                  0x08000243   Thumb Code     0  startup_stm32f40_41xxx.o(.text)
    DMA2_Stream2_IRQHandler                  0x08000243   Thumb Code     0  startup_stm32f40_41xxx.o(.text)
    DMA2_Stream3_IRQHandler                  0x08000243   Thumb Code     0  startup_stm32f40_41xxx.o(.text)
    DMA2_Stream4_IRQHandler                  0x08000243   Thumb Code     0  startup_stm32f40_41xxx.o(.text)
    DMA2_Stream5_IRQHandler                  0x08000243   Thumb Code     0  startup_stm32f40_41xxx.o(.text)
    DMA2_Stream6_IRQHandler                  0x08000243   Thumb Code     0  startup_stm32f40_41xxx.o(.text)
    DMA2_Stream7_IRQHandler                  0x08000243   Thumb Code     0  startup_stm32f40_41xxx.o(.text)
    ETH_IRQHandler                           0x08000243   Thumb Code     0  startup_stm32f40_41xxx.o(.text)
    ETH_WKUP_IRQHandler                      0x08000243   Thumb Code     0  startup_stm32f40_41xxx.o(.text)
    EXTI0_IRQHandler                         0x08000243   Thumb Code     0  startup_stm32f40_41xxx.o(.text)
    EXTI15_10_IRQHandler                     0x08000243   Thumb Code     0  startup_stm32f40_41xxx.o(.text)
    EXTI1_IRQHandler                         0x08000243   Thumb Code     0  startup_stm32f40_41xxx.o(.text)
    EXTI2_IRQHandler                         0x08000243   Thumb Code     0  startup_stm32f40_41xxx.o(.text)
    EXTI3_IRQHandler                         0x08000243   Thumb Code     0  startup_stm32f40_41xxx.o(.text)
    EXTI4_IRQHandler                         0x08000243   Thumb Code     0  startup_stm32f40_41xxx.o(.text)
    EXTI9_5_IRQHandler                       0x08000243   Thumb Code     0  startup_stm32f40_41xxx.o(.text)
    FLASH_IRQHandler                         0x08000243   Thumb Code     0  startup_stm32f40_41xxx.o(.text)
    FPU_IRQHandler                           0x08000243   Thumb Code     0  startup_stm32f40_41xxx.o(.text)
    FSMC_IRQHandler                          0x08000243   Thumb Code     0  startup_stm32f40_41xxx.o(.text)
    HASH_RNG_IRQHandler                      0x08000243   Thumb Code     0  startup_stm32f40_41xxx.o(.text)
    I2C1_ER_IRQHandler                       0x08000243   Thumb Code     0  startup_stm32f40_41xxx.o(.text)
    I2C1_EV_IRQHandler                       0x08000243   Thumb Code     0  startup_stm32f40_41xxx.o(.text)
    I2C2_ER_IRQHandler                       0x08000243   Thumb Code     0  startup_stm32f40_41xxx.o(.text)
    I2C2_EV_IRQHandler                       0x08000243   Thumb Code     0  startup_stm32f40_41xxx.o(.text)
    I2C3_ER_IRQHandler                       0x08000243   Thumb Code     0  startup_stm32f40_41xxx.o(.text)
    I2C3_EV_IRQHandler                       0x08000243   Thumb Code     0  startup_stm32f40_41xxx.o(.text)
    OTG_FS_IRQHandler                        0x08000243   Thumb Code     0  startup_stm32f40_41xxx.o(.text)
    OTG_FS_WKUP_IRQHandler                   0x08000243   Thumb Code     0  startup_stm32f40_41xxx.o(.text)
    OTG_HS_EP1_IN_IRQHandler                 0x08000243   Thumb Code     0  startup_stm32f40_41xxx.o(.text)
    OTG_HS_EP1_OUT_IRQHandler                0x08000243   Thumb Code     0  startup_stm32f40_41xxx.o(.text)
    OTG_HS_IRQHandler                        0x08000243   Thumb Code     0  startup_stm32f40_41xxx.o(.text)
    OTG_HS_WKUP_IRQHandler                   0x08000243   Thumb Code     0  startup_stm32f40_41xxx.o(.text)
    PVD_IRQHandler                           0x08000243   Thumb Code     0  startup_stm32f40_41xxx.o(.text)
    RCC_IRQHandler                           0x08000243   Thumb Code     0  startup_stm32f40_41xxx.o(.text)
    RTC_Alarm_IRQHandler                     0x08000243   Thumb Code     0  startup_stm32f40_41xxx.o(.text)
    RTC_WKUP_IRQHandler                      0x08000243   Thumb Code     0  startup_stm32f40_41xxx.o(.text)
    SDIO_IRQHandler                          0x08000243   Thumb Code     0  startup_stm32f40_41xxx.o(.text)
    SPI1_IRQHandler                          0x08000243   Thumb Code     0  startup_stm32f40_41xxx.o(.text)
    SPI2_IRQHandler                          0x08000243   Thumb Code     0  startup_stm32f40_41xxx.o(.text)
    SPI3_IRQHandler                          0x08000243   Thumb Code     0  startup_stm32f40_41xxx.o(.text)
    TAMP_STAMP_IRQHandler                    0x08000243   Thumb Code     0  startup_stm32f40_41xxx.o(.text)
    TIM1_BRK_TIM9_IRQHandler                 0x08000243   Thumb Code     0  startup_stm32f40_41xxx.o(.text)
    TIM1_CC_IRQHandler                       0x08000243   Thumb Code     0  startup_stm32f40_41xxx.o(.text)
    TIM1_TRG_COM_TIM11_IRQHandler            0x08000243   Thumb Code     0  startup_stm32f40_41xxx.o(.text)
    TIM1_UP_TIM10_IRQHandler                 0x08000243   Thumb Code     0  startup_stm32f40_41xxx.o(.text)
    TIM4_IRQHandler                          0x08000243   Thumb Code     0  startup_stm32f40_41xxx.o(.text)
    TIM5_IRQHandler                          0x08000243   Thumb Code     0  startup_stm32f40_41xxx.o(.text)
    TIM6_DAC_IRQHandler                      0x08000243   Thumb Code     0  startup_stm32f40_41xxx.o(.text)
    TIM7_IRQHandler                          0x08000243   Thumb Code     0  startup_stm32f40_41xxx.o(.text)
    TIM8_BRK_TIM12_IRQHandler                0x08000243   Thumb Code     0  startup_stm32f40_41xxx.o(.text)
    TIM8_CC_IRQHandler                       0x08000243   Thumb Code     0  startup_stm32f40_41xxx.o(.text)
    TIM8_TRG_COM_TIM14_IRQHandler            0x08000243   Thumb Code     0  startup_stm32f40_41xxx.o(.text)
    TIM8_UP_TIM13_IRQHandler                 0x08000243   Thumb Code     0  startup_stm32f40_41xxx.o(.text)
    UART4_IRQHandler                         0x08000243   Thumb Code     0  startup_stm32f40_41xxx.o(.text)
    UART5_IRQHandler                         0x08000243   Thumb Code     0  startup_stm32f40_41xxx.o(.text)
    USART3_IRQHandler                        0x08000243   Thumb Code     0  startup_stm32f40_41xxx.o(.text)
    USART6_IRQHandler                        0x08000243   Thumb Code     0  startup_stm32f40_41xxx.o(.text)
    __user_initial_stackheap                 0x08000245   Thumb Code     0  startup_stm32f40_41xxx.o(.text)
    __use_two_region_memory                  0x08000269   Thumb Code     2  heapauxi.o(.text)
    __rt_heap_escrow$2region                 0x0800026b   Thumb Code     2  heapauxi.o(.text)
    __rt_heap_expand$2region                 0x0800026d   Thumb Code     2  heapauxi.o(.text)
    __user_setup_stackheap                   0x0800026f   Thumb Code    74  sys_stackheap_outer.o(.text)
    exit                                     0x080002b9   Thumb Code    18  exit.o(.text)
    __user_libspace                          0x080002cd   Thumb Code     8  libspace.o(.text)
    __user_perproc_libspace                  0x080002cd   Thumb Code     0  libspace.o(.text)
    __user_perthread_libspace                0x080002cd   Thumb Code     0  libspace.o(.text)
    _sys_exit                                0x080002d5   Thumb Code     8  sys_exit.o(.text)
    __I$use$semihosting                      0x080002e1   Thumb Code     0  use_no_semi.o(.text)
    __use_no_semihosting_swi                 0x080002e1   Thumb Code     2  use_no_semi.o(.text)
    __semihosting_library_function           0x080002e3   Thumb Code     0  indicate_semi.o(.text)
    ADC1_Configuration                       0x080002e5   Thumb Code    84  stm32f407vet_config.o(i.ADC1_Configuration)
    ADC_Cmd                                  0x0800033d   Thumb Code    22  stm32f4xx_adc.o(i.ADC_Cmd)
    ADC_CommonInit                           0x08000355   Thumb Code    34  stm32f4xx_adc.o(i.ADC_CommonInit)
    ADC_Init                                 0x08000385   Thumb Code    74  stm32f4xx_adc.o(i.ADC_Init)
    Bar_Front_Motor_Process                  0x080003d9   Thumb Code   108  motor_process.o(i.Bar_Front_Motor_Process)
    BusFault_Handler                         0x08000455   Thumb Code     4  stm32f4xx_it.o(i.BusFault_Handler)
    CPU_Initialization                       0x08000459   Thumb Code   100  stm32f407vet_config.o(i.CPU_Initialization)
    DebugMon_Handler                         0x080004cd   Thumb Code     2  stm32f4xx_it.o(i.DebugMon_Handler)
    Delay                                    0x080004d1   Thumb Code    20  timer.o(i.Delay)
    GPIO_Configuration                       0x080004e9   Thumb Code   324  stm32f407vet_config.o(i.GPIO_Configuration)
    GPIO_Init                                0x08000641   Thumb Code   144  stm32f4xx_gpio.o(i.GPIO_Init)
    GPIO_PinAFConfig                         0x080006d1   Thumb Code    70  stm32f4xx_gpio.o(i.GPIO_PinAFConfig)
    GPIO_WriteBit                            0x08000717   Thumb Code    10  stm32f4xx_gpio.o(i.GPIO_WriteBit)
    HardFault_Handler                        0x08000721   Thumb Code     4  stm32f4xx_it.o(i.HardFault_Handler)
    MemManage_Handler                        0x08000725   Thumb Code     4  stm32f4xx_it.o(i.MemManage_Handler)
    NMI_Handler                              0x08000729   Thumb Code     2  stm32f4xx_it.o(i.NMI_Handler)
    NVIC_Configuration                       0x0800072d   Thumb Code   240  stm32f407vet_config.o(i.NVIC_Configuration)
    NVIC_Init                                0x08000821   Thumb Code   106  misc.o(i.NVIC_Init)
    NVIC_PriorityGroupConfig                 0x08000899   Thumb Code    10  misc.o(i.NVIC_PriorityGroupConfig)
    PendSV_Handler                           0x080008ad   Thumb Code     2  stm32f4xx_it.o(i.PendSV_Handler)
    RCC_AHB1PeriphClockCmd                   0x080008b1   Thumb Code    26  stm32f4xx_rcc.o(i.RCC_AHB1PeriphClockCmd)
    RCC_APB1PeriphClockCmd                   0x080008d1   Thumb Code    26  stm32f4xx_rcc.o(i.RCC_APB1PeriphClockCmd)
    RCC_APB2PeriphClockCmd                   0x080008f1   Thumb Code    26  stm32f4xx_rcc.o(i.RCC_APB2PeriphClockCmd)
    RCC_APB2PeriphResetCmd                   0x08000911   Thumb Code    26  stm32f4xx_rcc.o(i.RCC_APB2PeriphResetCmd)
    RCC_GetClocksFreq                        0x08000931   Thumb Code   214  stm32f4xx_rcc.o(i.RCC_GetClocksFreq)
    RS485_Init                               0x08000a19   Thumb Code   320  rs485.o(i.RS485_Init)
    SVC_Handler                              0x08000b69   Thumb Code     2  stm32f4xx_it.o(i.SVC_Handler)
    SysTick_CLKSourceConfig                  0x08000c59   Thumb Code    40  misc.o(i.SysTick_CLKSourceConfig)
    SysTick_Handler                          0x08000c81   Thumb Code   172  stm32f4xx_it.o(i.SysTick_Handler)
    SystemInit                               0x08000d55   Thumb Code    88  system_stm32f4xx.o(i.SystemInit)
    TIM2_IRQHandler                          0x08000dbd   Thumb Code     2  ultra_bay.o(i.TIM2_IRQHandler)
    TIM3_IRQHandler                          0x08000dc1   Thumb Code   142  ultra_bay.o(i.TIM3_IRQHandler)
    TIM_ClearITPendingBit                    0x08000e6d   Thumb Code     6  stm32f4xx_tim.o(i.TIM_ClearITPendingBit)
    TIM_Cmd                                  0x08000e73   Thumb Code    24  stm32f4xx_tim.o(i.TIM_Cmd)
    TIM_GetITStatus                          0x08000e8b   Thumb Code    34  stm32f4xx_tim.o(i.TIM_GetITStatus)
    TIM_ITConfig                             0x08000ead   Thumb Code    18  stm32f4xx_tim.o(i.TIM_ITConfig)
    TIM_TimeBaseInit                         0x08000ec1   Thumb Code   104  stm32f4xx_tim.o(i.TIM_TimeBaseInit)
    UART_Process                             0x08000f45   Thumb Code   660  uart_process.o(i.UART_Process)
    USART1_IRQHandler                        0x08001215   Thumb Code    48  rs485.o(i.USART1_IRQHandler)
    USART2_IRQHandler                        0x08001249   Thumb Code   138  rs485.o(i.USART2_IRQHandler)
    USART_ClearFlag                          0x080012e1   Thumb Code    18  stm32f4xx_usart.o(i.USART_ClearFlag)
    USART_ClearITPendingBit                  0x080012f3   Thumb Code    30  stm32f4xx_usart.o(i.USART_ClearITPendingBit)
    USART_Cmd                                0x08001311   Thumb Code    24  stm32f4xx_usart.o(i.USART_Cmd)
    USART_GetFlagStatus                      0x08001329   Thumb Code    26  stm32f4xx_usart.o(i.USART_GetFlagStatus)
    USART_GetITStatus                        0x08001343   Thumb Code    84  stm32f4xx_usart.o(i.USART_GetITStatus)
    USART_ITConfig                           0x08001397   Thumb Code    74  stm32f4xx_usart.o(i.USART_ITConfig)
    USART_Init                               0x080013e1   Thumb Code   204  stm32f4xx_usart.o(i.USART_Init)
    USART_ReceiveData                        0x080014b5   Thumb Code    10  stm32f4xx_usart.o(i.USART_ReceiveData)
    USART_SendData                           0x080014bf   Thumb Code     8  stm32f4xx_usart.o(i.USART_SendData)
    Ultra_Bay_Initialization                 0x080014c9   Thumb Code   168  ultra_bay.o(i.Ultra_Bay_Initialization)
    UsageFault_Handler                       0x080015d5   Thumb Code     4  stm32f4xx_it.o(i.UsageFault_Handler)
    WWDG_ClearFlag                           0x080015d9   Thumb Code     8  stm32f4xx_wwdg.o(i.WWDG_ClearFlag)
    WWDG_IRQHandler                          0x080015e5   Thumb Code    16  wwdg.o(i.WWDG_IRQHandler)
    WWDG_SetCounter                          0x080015f9   Thumb Code    10  stm32f4xx_wwdg.o(i.WWDG_SetCounter)
    delay_init                               0x08001609   Thumb Code    52  delay.o(i.delay_init)
    delay_ms                                 0x08001645   Thumb Code    26  ultra_bay.o(i.delay_ms)
    delay_us                                 0x08001661   Thumb Code    72  delay.o(i.delay_us)
    main                                     0x080016ad   Thumb Code    34  main.o(i.main)
    _fp_init                                 0x080016cf   Thumb Code    10  fpinit.o(x$fpl$fpinit)
    __fplib_config_fpu_vfp                   0x080016d7   Thumb Code     0  fpinit.o(x$fpl$fpinit)
    __fplib_config_pureend_doubles           0x080016d7   Thumb Code     0  fpinit.o(x$fpl$fpinit)
    Region$$Table$$Base                      0x080016d8   Number         0  anon$$obj.o(Region$$Table)
    Region$$Table$$Limit                     0x080016f8   Number         0  anon$$obj.o(Region$$Table)
    guc_charge_direction_flag                0x20000000   Data           1  global_variant.o(.data)
    guc_button_press_flag                    0x20000001   Data           1  global_variant.o(.data)
    guc_charge_status                        0x20000002   Data           1  global_variant.o(.data)
    gul_button_press_timer                   0x20000004   Data           4  global_variant.o(.data)
    guc_P4P_turn_on_flag                     0x20000008   Data           1  global_variant.o(.data)
    guc_P4P_button_flag                      0x20000009   Data           1  global_variant.o(.data)
    gul_P4P_button_press_timer               0x2000000c   Data           4  global_variant.o(.data)
    gul_timer_counter_1                      0x20000010   Data           4  global_variant.o(.data)
    delay_count_motor                        0x20000014   Data           4  global_variant.o(.data)
    delay_count_motor_flag                   0x20000018   Data           1  global_variant.o(.data)
    gul_motor_timer_1                        0x2000001c   Data           4  global_variant.o(.data)
    gul_jack_motor_timer                     0x20000020   Data           4  global_variant.o(.data)
    gul_indicating_timer                     0x20000024   Data           4  global_variant.o(.data)
    gul_jack_motor_slow_down_timer           0x20000028   Data           4  global_variant.o(.data)
    gul_solar_panel_1_timer                  0x2000002c   Data           4  global_variant.o(.data)
    gul_solar_panel_2_timer                  0x20000030   Data           4  global_variant.o(.data)
    gul_jack_motor_switch_counter            0x20000034   Data           4  global_variant.o(.data)
    gul_bar_1_motor_switch_counter           0x20000038   Data           4  global_variant.o(.data)
    gul_bar_2_motor_switch_counter           0x2000003c   Data           4  global_variant.o(.data)
    gul_claw_motor_switch_counter            0x20000040   Data           4  global_variant.o(.data)
    gul_solar_panel_1_switch_counter         0x20000044   Data           4  global_variant.o(.data)
    gul_solar_panel_2_switch_counter         0x20000048   Data           4  global_variant.o(.data)
    gul_ultra_bay_serial_number              0x2000004c   Data           4  global_variant.o(.data)
    gul_ultra_bay_status                     0x20000050   Data           4  global_variant.o(.data)
    gul_UART_feedback                        0x20000054   Data           4  global_variant.o(.data)
    gul_UART_command                         0x20000058   Data           4  global_variant.o(.data)
    gui_Battery_Voltage                      0x2000005c   Data           4  global_variant.o(.data)
    guc_ADC_channel                          0x20000060   Data           1  global_variant.o(.data)
    guc_jack_motor_mode                      0x20000061   Data           1  global_variant.o(.data)
    guc_bar_front_motor_mode                 0x20000062   Data           1  global_variant.o(.data)
    guc_bar_back_motor_mode                  0x20000063   Data           1  global_variant.o(.data)
    guc_claw_motor_mode                      0x20000064   Data           1  global_variant.o(.data)
    guc_solar_panel_1_mode                   0x20000065   Data           1  global_variant.o(.data)
    guc_solar_panel_2_mode                   0x20000066   Data           1  global_variant.o(.data)
    gul_jack_motor_position                  0x20000068   Data           4  global_variant.o(.data)
    gul_bar_front_motor_position             0x2000006c   Data           4  global_variant.o(.data)
    gul_bar_back_motor_position              0x20000070   Data           4  global_variant.o(.data)
    gul_claw_motor_position                  0x20000074   Data           4  global_variant.o(.data)
    gul_delay_timer                          0x20000078   Data           4  global_variant.o(.data)
    ADC_temperature                          0x2000007c   Data           4  global_variant.o(.data)
    ADC_voltlage                             0x20000080   Data           4  global_variant.o(.data)
    msTicks                                  0x20000084   Data           4  timer.o(.data)
    WWDG_CNT                                 0x20000088   Data           1  wwdg.o(.data)
    SystemCoreClock                          0x2000008c   Data           4  system_stm32f4xx.o(.data)
    AHBPrescTable                            0x20000090   Data          16  system_stm32f4xx.o(.data)
    __libspace_start                         0x200000b4   Data          96  libspace.o(.bss)
    __temporary_stack_top$libspace           0x20000114   Data           0  libspace.o(.bss)



==============================================================================

Memory Map of the image

  Image Entry point : 0x08000189

  Load Region LR_IROM1 (Base: 0x08000000, Size: 0x000017ac, Max: 0x00080000, ABSOLUTE)

    Execution Region ER_IROM1 (Exec base: 0x08000000, Load base: 0x08000000, Size: 0x000016f8, Max: 0x00080000, ABSOLUTE)

    Exec Addr    Load Addr    Size         Type   Attr      Idx    E Section Name        Object

    0x08000000   0x08000000   0x00000188   Data   RO          991    RESET               startup_stm32f40_41xxx.o
    0x08000188   0x08000188   0x00000008   Code   RO         2586  * !!!main             c_w.l(__main.o)
    0x08000190   0x08000190   0x00000034   Code   RO         2743    !!!scatter          c_w.l(__scatter.o)
    0x080001c4   0x080001c4   0x0000001a   Code   RO         2745    !!handler_copy      c_w.l(__scatter_copy.o)
    0x080001de   0x080001de   0x00000002   PAD
    0x080001e0   0x080001e0   0x0000001c   Code   RO         2747    !!handler_zi        c_w.l(__scatter_zi.o)
    0x080001fc   0x080001fc   0x00000002   Code   RO         2613    .ARM.Collect$$libinit$$00000000  c_w.l(libinit.o)
    0x080001fe   0x080001fe   0x00000004   Code   RO         2619    .ARM.Collect$$libinit$$00000001  c_w.l(libinit2.o)
    0x08000202   0x08000202   0x00000000   Code   RO         2622    .ARM.Collect$$libinit$$00000004  c_w.l(libinit2.o)
    0x08000202   0x08000202   0x00000000   Code   RO         2625    .ARM.Collect$$libinit$$0000000A  c_w.l(libinit2.o)
    0x08000202   0x08000202   0x00000000   Code   RO         2627    .ARM.Collect$$libinit$$0000000C  c_w.l(libinit2.o)
    0x08000202   0x08000202   0x00000000   Code   RO         2629    .ARM.Collect$$libinit$$0000000E  c_w.l(libinit2.o)
    0x08000202   0x08000202   0x00000000   Code   RO         2632    .ARM.Collect$$libinit$$00000011  c_w.l(libinit2.o)
    0x08000202   0x08000202   0x00000000   Code   RO         2634    .ARM.Collect$$libinit$$00000013  c_w.l(libinit2.o)
    0x08000202   0x08000202   0x00000000   Code   RO         2636    .ARM.Collect$$libinit$$00000015  c_w.l(libinit2.o)
    0x08000202   0x08000202   0x00000000   Code   RO         2638    .ARM.Collect$$libinit$$00000017  c_w.l(libinit2.o)
    0x08000202   0x08000202   0x00000000   Code   RO         2640    .ARM.Collect$$libinit$$00000019  c_w.l(libinit2.o)
    0x08000202   0x08000202   0x00000000   Code   RO         2642    .ARM.Collect$$libinit$$0000001B  c_w.l(libinit2.o)
    0x08000202   0x08000202   0x00000000   Code   RO         2644    .ARM.Collect$$libinit$$0000001D  c_w.l(libinit2.o)
    0x08000202   0x08000202   0x00000000   Code   RO         2646    .ARM.Collect$$libinit$$0000001F  c_w.l(libinit2.o)
    0x08000202   0x08000202   0x00000000   Code   RO         2648    .ARM.Collect$$libinit$$00000021  c_w.l(libinit2.o)
    0x08000202   0x08000202   0x00000000   Code   RO         2650    .ARM.Collect$$libinit$$00000023  c_w.l(libinit2.o)
    0x08000202   0x08000202   0x00000000   Code   RO         2652    .ARM.Collect$$libinit$$00000025  c_w.l(libinit2.o)
    0x08000202   0x08000202   0x00000000   Code   RO         2656    .ARM.Collect$$libinit$$0000002C  c_w.l(libinit2.o)
    0x08000202   0x08000202   0x00000000   Code   RO         2658    .ARM.Collect$$libinit$$0000002E  c_w.l(libinit2.o)
    0x08000202   0x08000202   0x00000000   Code   RO         2660    .ARM.Collect$$libinit$$00000030  c_w.l(libinit2.o)
    0x08000202   0x08000202   0x00000000   Code   RO         2662    .ARM.Collect$$libinit$$00000032  c_w.l(libinit2.o)
    0x08000202   0x08000202   0x00000002   Code   RO         2663    .ARM.Collect$$libinit$$00000033  c_w.l(libinit2.o)
    0x08000204   0x08000204   0x00000002   Code   RO         2683    .ARM.Collect$$libshutdown$$00000000  c_w.l(libshutdown.o)
    0x08000206   0x08000206   0x00000000   Code   RO         2696    .ARM.Collect$$libshutdown$$00000002  c_w.l(libshutdown2.o)
    0x08000206   0x08000206   0x00000000   Code   RO         2698    .ARM.Collect$$libshutdown$$00000004  c_w.l(libshutdown2.o)
    0x08000206   0x08000206   0x00000000   Code   RO         2701    .ARM.Collect$$libshutdown$$00000007  c_w.l(libshutdown2.o)
    0x08000206   0x08000206   0x00000000   Code   RO         2704    .ARM.Collect$$libshutdown$$0000000A  c_w.l(libshutdown2.o)
    0x08000206   0x08000206   0x00000000   Code   RO         2706    .ARM.Collect$$libshutdown$$0000000C  c_w.l(libshutdown2.o)
    0x08000206   0x08000206   0x00000000   Code   RO         2709    .ARM.Collect$$libshutdown$$0000000F  c_w.l(libshutdown2.o)
    0x08000206   0x08000206   0x00000002   Code   RO         2710    .ARM.Collect$$libshutdown$$00000010  c_w.l(libshutdown2.o)
    0x08000208   0x08000208   0x00000000   Code   RO         2588    .ARM.Collect$$rtentry$$00000000  c_w.l(__rtentry.o)
    0x08000208   0x08000208   0x00000000   Code   RO         2590    .ARM.Collect$$rtentry$$00000002  c_w.l(__rtentry2.o)
    0x08000208   0x08000208   0x00000006   Code   RO         2602    .ARM.Collect$$rtentry$$00000004  c_w.l(__rtentry4.o)
    0x0800020e   0x0800020e   0x00000000   Code   RO         2592    .ARM.Collect$$rtentry$$00000009  c_w.l(__rtentry2.o)
    0x0800020e   0x0800020e   0x00000004   Code   RO         2593    .ARM.Collect$$rtentry$$0000000A  c_w.l(__rtentry2.o)
    0x08000212   0x08000212   0x00000000   Code   RO         2595    .ARM.Collect$$rtentry$$0000000C  c_w.l(__rtentry2.o)
    0x08000212   0x08000212   0x00000008   Code   RO         2596    .ARM.Collect$$rtentry$$0000000D  c_w.l(__rtentry2.o)
    0x0800021a   0x0800021a   0x00000002   Code   RO         2617    .ARM.Collect$$rtexit$$00000000  c_w.l(rtexit.o)
    0x0800021c   0x0800021c   0x00000000   Code   RO         2665    .ARM.Collect$$rtexit$$00000002  c_w.l(rtexit2.o)
    0x0800021c   0x0800021c   0x00000004   Code   RO         2666    .ARM.Collect$$rtexit$$00000003  c_w.l(rtexit2.o)
    0x08000220   0x08000220   0x00000006   Code   RO         2667    .ARM.Collect$$rtexit$$00000004  c_w.l(rtexit2.o)
    0x08000226   0x08000226   0x00000002   PAD
    0x08000228   0x08000228   0x00000040   Code   RO          992    .text               startup_stm32f40_41xxx.o
    0x08000268   0x08000268   0x00000006   Code   RO         2584    .text               c_w.l(heapauxi.o)
    0x0800026e   0x0800026e   0x0000004a   Code   RO         2604    .text               c_w.l(sys_stackheap_outer.o)
    0x080002b8   0x080002b8   0x00000012   Code   RO         2606    .text               c_w.l(exit.o)
    0x080002ca   0x080002ca   0x00000002   PAD
    0x080002cc   0x080002cc   0x00000008   Code   RO         2614    .text               c_w.l(libspace.o)
    0x080002d4   0x080002d4   0x0000000c   Code   RO         2675    .text               c_w.l(sys_exit.o)
    0x080002e0   0x080002e0   0x00000002   Code   RO         2686    .text               c_w.l(use_no_semi.o)
    0x080002e2   0x080002e2   0x00000000   Code   RO         2688    .text               c_w.l(indicate_semi.o)
    0x080002e2   0x080002e2   0x00000002   PAD
    0x080002e4   0x080002e4   0x00000058   Code   RO          790    i.ADC1_Configuration  stm32f407vet_config.o
    0x0800033c   0x0800033c   0x00000016   Code   RO         1724    i.ADC_Cmd           stm32f4xx_adc.o
    0x08000352   0x08000352   0x00000002   PAD
    0x08000354   0x08000354   0x00000030   Code   RO         1725    i.ADC_CommonInit    stm32f4xx_adc.o
    0x08000384   0x08000384   0x00000054   Code   RO         1744    i.ADC_Init          stm32f4xx_adc.o
    0x080003d8   0x080003d8   0x0000007c   Code   RO          445    i.Bar_Front_Motor_Process  motor_process.o
    0x08000454   0x08000454   0x00000004   Code   RO          195    i.BusFault_Handler  stm32f4xx_it.o
    0x08000458   0x08000458   0x00000074   Code   RO          791    i.CPU_Initialization  stm32f407vet_config.o
    0x080004cc   0x080004cc   0x00000002   Code   RO          196    i.DebugMon_Handler  stm32f4xx_it.o
    0x080004ce   0x080004ce   0x00000002   PAD
    0x080004d0   0x080004d0   0x00000018   Code   RO          495    i.Delay             timer.o
    0x080004e8   0x080004e8   0x00000158   Code   RO          792    i.GPIO_Configuration  stm32f407vet_config.o
    0x08000640   0x08000640   0x00000090   Code   RO         1043    i.GPIO_Init         stm32f4xx_gpio.o
    0x080006d0   0x080006d0   0x00000046   Code   RO         1044    i.GPIO_PinAFConfig  stm32f4xx_gpio.o
    0x08000716   0x08000716   0x0000000a   Code   RO         1055    i.GPIO_WriteBit     stm32f4xx_gpio.o
    0x08000720   0x08000720   0x00000004   Code   RO          197    i.HardFault_Handler  stm32f4xx_it.o
    0x08000724   0x08000724   0x00000004   Code   RO          198    i.MemManage_Handler  stm32f4xx_it.o
    0x08000728   0x08000728   0x00000002   Code   RO          199    i.NMI_Handler       stm32f4xx_it.o
    0x0800072a   0x0800072a   0x00000002   PAD
    0x0800072c   0x0800072c   0x000000f4   Code   RO          793    i.NVIC_Configuration  stm32f407vet_config.o
    0x08000820   0x08000820   0x00000078   Code   RO          998    i.NVIC_Init         misc.o
    0x08000898   0x08000898   0x00000014   Code   RO          999    i.NVIC_PriorityGroupConfig  misc.o
    0x080008ac   0x080008ac   0x00000002   Code   RO          200    i.PendSV_Handler    stm32f4xx_it.o
    0x080008ae   0x080008ae   0x00000002   PAD
    0x080008b0   0x080008b0   0x00000020   Code   RO         1140    i.RCC_AHB1PeriphClockCmd  stm32f4xx_rcc.o
    0x080008d0   0x080008d0   0x00000020   Code   RO         1149    i.RCC_APB1PeriphClockCmd  stm32f4xx_rcc.o
    0x080008f0   0x080008f0   0x00000020   Code   RO         1152    i.RCC_APB2PeriphClockCmd  stm32f4xx_rcc.o
    0x08000910   0x08000910   0x00000020   Code   RO         1154    i.RCC_APB2PeriphResetCmd  stm32f4xx_rcc.o
    0x08000930   0x08000930   0x000000e8   Code   RO         1161    i.RCC_GetClocksFreq  stm32f4xx_rcc.o
    0x08000a18   0x08000a18   0x00000150   Code   RO          614    i.RS485_Init        rs485.o
    0x08000b68   0x08000b68   0x00000002   Code   RO          201    i.SVC_Handler       stm32f4xx_it.o
    0x08000b6a   0x08000b6a   0x00000002   PAD
    0x08000b6c   0x08000b6c   0x000000ec   Code   RO          838    i.SetSysClock       system_stm32f4xx.o
    0x08000c58   0x08000c58   0x00000028   Code   RO         1002    i.SysTick_CLKSourceConfig  misc.o
    0x08000c80   0x08000c80   0x000000d4   Code   RO          202    i.SysTick_Handler   stm32f4xx_it.o
    0x08000d54   0x08000d54   0x00000068   Code   RO          840    i.SystemInit        system_stm32f4xx.o
    0x08000dbc   0x08000dbc   0x00000002   Code   RO          576    i.TIM2_IRQHandler   ultra_bay.o
    0x08000dbe   0x08000dbe   0x00000002   PAD
    0x08000dc0   0x08000dc0   0x000000ac   Code   RO          577    i.TIM3_IRQHandler   ultra_bay.o
    0x08000e6c   0x08000e6c   0x00000006   Code   RO         2033    i.TIM_ClearITPendingBit  stm32f4xx_tim.o
    0x08000e72   0x08000e72   0x00000018   Code   RO         2038    i.TIM_Cmd           stm32f4xx_tim.o
    0x08000e8a   0x08000e8a   0x00000022   Code   RO         2059    i.TIM_GetITStatus   stm32f4xx_tim.o
    0x08000eac   0x08000eac   0x00000012   Code   RO         2063    i.TIM_ITConfig      stm32f4xx_tim.o
    0x08000ebe   0x08000ebe   0x00000002   PAD
    0x08000ec0   0x08000ec0   0x00000084   Code   RO         2110    i.TIM_TimeBaseInit  stm32f4xx_tim.o
    0x08000f44   0x08000f44   0x000002d0   Code   RO          521    i.UART_Process      uart_process.o
    0x08001214   0x08001214   0x00000034   Code   RO          617    i.USART1_IRQHandler  rs485.o
    0x08001248   0x08001248   0x00000098   Code   RO          618    i.USART2_IRQHandler  rs485.o
    0x080012e0   0x080012e0   0x00000012   Code   RO         1530    i.USART_ClearFlag   stm32f4xx_usart.o
    0x080012f2   0x080012f2   0x0000001e   Code   RO         1531    i.USART_ClearITPendingBit  stm32f4xx_usart.o
    0x08001310   0x08001310   0x00000018   Code   RO         1534    i.USART_Cmd         stm32f4xx_usart.o
    0x08001328   0x08001328   0x0000001a   Code   RO         1537    i.USART_GetFlagStatus  stm32f4xx_usart.o
    0x08001342   0x08001342   0x00000054   Code   RO         1538    i.USART_GetITStatus  stm32f4xx_usart.o
    0x08001396   0x08001396   0x0000004a   Code   RO         1540    i.USART_ITConfig    stm32f4xx_usart.o
    0x080013e0   0x080013e0   0x000000d4   Code   RO         1541    i.USART_Init        stm32f4xx_usart.o
    0x080014b4   0x080014b4   0x0000000a   Code   RO         1548    i.USART_ReceiveData  stm32f4xx_usart.o
    0x080014be   0x080014be   0x00000008   Code   RO         1551    i.USART_SendData    stm32f4xx_usart.o
    0x080014c6   0x080014c6   0x00000002   PAD
    0x080014c8   0x080014c8   0x0000010c   Code   RO          578    i.Ultra_Bay_Initialization  ultra_bay.o
    0x080015d4   0x080015d4   0x00000004   Code   RO          203    i.UsageFault_Handler  stm32f4xx_it.o
    0x080015d8   0x080015d8   0x0000000c   Code   RO         1960    i.WWDG_ClearFlag    stm32f4xx_wwdg.o
    0x080015e4   0x080015e4   0x00000014   Code   RO          665    i.WWDG_IRQHandler   wwdg.o
    0x080015f8   0x080015f8   0x00000010   Code   RO         1965    i.WWDG_SetCounter   stm32f4xx_wwdg.o
    0x08001608   0x08001608   0x0000003c   Code   RO          957    i.delay_init        delay.o
    0x08001644   0x08001644   0x0000001a   Code   RO          579    i.delay_ms          ultra_bay.o
    0x0800165e   0x0800165e   0x00000002   PAD
    0x08001660   0x08001660   0x0000004c   Code   RO          958    i.delay_us          delay.o
    0x080016ac   0x080016ac   0x00000022   Code   RO            3    i.main              main.o
    0x080016ce   0x080016ce   0x0000000a   Code   RO         2673    x$fpl$fpinit        fz_wm.l(fpinit.o)
    0x080016d8   0x080016d8   0x00000020   Data   RO         2741    Region$$Table       anon$$obj.o


    Execution Region RW_IRAM1 (Exec base: 0x20000000, Load base: 0x080016f8, Size: 0x00000718, Max: 0x00020000, ABSOLUTE)

    Exec Addr    Load Addr    Size         Type   Attr      Idx    E Section Name        Object

    0x20000000   0x080016f8   0x00000084   Data   RW          300    .data               global_variant.o
    0x20000084   0x0800177c   0x00000004   Data   RW          496    .data               timer.o
    0x20000088   0x08001780   0x00000001   Data   RW          667    .data               wwdg.o
    0x20000089   0x08001781   0x00000003   PAD
    0x2000008c   0x08001784   0x00000014   Data   RW          841    .data               system_stm32f4xx.o
    0x200000a0   0x08001798   0x00000004   Data   RW          960    .data               delay.o
    0x200000a4   0x0800179c   0x00000010   Data   RW         1193    .data               stm32f4xx_rcc.o
    0x200000b4        -       0x00000060   Zero   RW         2615    .bss                c_w.l(libspace.o)
    0x20000114   0x080017ac   0x00000004   PAD
    0x20000118        -       0x00000200   Zero   RW          990    HEAP                startup_stm32f40_41xxx.o
    0x20000318        -       0x00000400   Zero   RW          989    STACK               startup_stm32f40_41xxx.o


==============================================================================

Image component sizes


      Code (inc. data)   RO Data    RW Data    ZI Data      Debug   Object Name

       136         12          0          4          0       1380   delay.o
         0          0          0        132          0       2764   global_variant.o
        34          0          0          0          0     296067   main.o
       180         24          0          0          0       2153   misc.o
       124         16          0          0          0        574   motor_process.o
       540         34          0          0          0       1973   rs485.o
        64         26        392          0       1536        860   startup_stm32f40_41xxx.o
       792         44          0          0          0      29319   stm32f407vet_config.o
       154         24          0          0          0       2998   stm32f4xx_adc.o
       224          0          0          0          0       2439   stm32f4xx_gpio.o
       236         40          0          0          0     267090   stm32f4xx_it.o
       360         42          0         16          0       5340   stm32f4xx_rcc.o
       214         28          0          0          0       3798   stm32f4xx_tim.o
       486          8          0          0          0       6901   stm32f4xx_usart.o
        28         10          0          0          0       1047   stm32f4xx_wwdg.o
       340         32          0         20          0       1829   system_stm32f4xx.o
        24          4          0          4          0        762   timer.o
       720        104          0          0          0        887   uart_process.o
       468        130          0          0          0       2206   ultra_bay.o
        20          4          0          1          0        709   wwdg.o

    ----------------------------------------------------------------------
      5162        582        424        180       1536     631096   Object Totals
         0          0         32          0          0          0   (incl. Generated)
        18          0          0          3          0          0   (incl. Padding)

    ----------------------------------------------------------------------

      Code (inc. data)   RO Data    RW Data    ZI Data      Debug   Library Member Name

         8          0          0          0          0         68   __main.o
         0          0          0          0          0          0   __rtentry.o
        12          0          0          0          0          0   __rtentry2.o
         6          0          0          0          0          0   __rtentry4.o
        52          8          0          0          0          0   __scatter.o
        26          0          0          0          0          0   __scatter_copy.o
        28          0          0          0          0          0   __scatter_zi.o
        18          0          0          0          0         80   exit.o
         6          0          0          0          0        152   heapauxi.o
         0          0          0          0          0          0   indicate_semi.o
         2          0          0          0          0          0   libinit.o
         6          0          0          0          0          0   libinit2.o
         2          0          0          0          0          0   libshutdown.o
         2          0          0          0          0          0   libshutdown2.o
         8          4          0          0         96         68   libspace.o
         2          0          0          0          0          0   rtexit.o
        10          0          0          0          0          0   rtexit2.o
        12          4          0          0          0         68   sys_exit.o
        74          0          0          0          0         80   sys_stackheap_outer.o
         2          0          0          0          0         68   use_no_semi.o
        10          0          0          0          0        116   fpinit.o

    ----------------------------------------------------------------------
       294         16          0          0        100        700   Library Totals
         8          0          0          0          4          0   (incl. Padding)

    ----------------------------------------------------------------------

      Code (inc. data)   RO Data    RW Data    ZI Data      Debug   Library Name

       276         16          0          0         96        584   c_w.l
        10          0          0          0          0        116   fz_wm.l

    ----------------------------------------------------------------------
       294         16          0          0        100        700   Library Totals

    ----------------------------------------------------------------------

==============================================================================


      Code (inc. data)   RO Data    RW Data    ZI Data      Debug   

      5456        598        424        180       1636     626240   Grand Totals
      5456        598        424        180       1636     626240   ELF Image Totals
      5456        598        424        180          0          0   ROM Totals

==============================================================================

    Total RO  Size (Code + RO Data)                 5880 (   5.74kB)
    Total RW  Size (RW Data + ZI Data)              1816 (   1.77kB)
    Total ROM Size (Code + RO Data + RW Data)       6060 (   5.92kB)

==============================================================================

